[1618300719.891627] [h4c29:9832 :0]         mxm.c:196  MXM  WARN  The 'ulimit -s' on the system is set to 'unlimited'. This may have negative performance implications. Please set the stack size to the default value (10240) 
[1618300719.891637] [h4c29:9834 :0]         mxm.c:196  MXM  WARN  The 'ulimit -s' on the system is set to 'unlimited'. This may have negative performance implications. Please set the stack size to the default value (10240) 
[1618300719.892012] [h4c29:9831 :0]         mxm.c:196  MXM  WARN  The 'ulimit -s' on the system is set to 'unlimited'. This may have negative performance implications. Please set the stack size to the default value (10240) 
[1618300719.892019] [h4c29:9833 :0]         mxm.c:196  MXM  WARN  The 'ulimit -s' on the system is set to 'unlimited'. This may have negative performance implications. Please set the stack size to the default value (10240) 
[1618300719.896131] [h4c29:9834 :0]         mxm.c:196  MXM  WARN  The 'ulimit -s' on the system is set to 'unlimited'. This may have negative performance implications. Please set the stack size to the default value (10240) 
[1618300719.896169] [h4c29:9832 :0]         mxm.c:196  MXM  WARN  The 'ulimit -s' on the system is set to 'unlimited'. This may have negative performance implications. Please set the stack size to the default value (10240) 
[1618300719.896661] [h4c29:9833 :0]         mxm.c:196  MXM  WARN  The 'ulimit -s' on the system is set to 'unlimited'. This may have negative performance implications. Please set the stack size to the default value (10240) 
[1618300719.896710] [h4c29:9831 :0]         mxm.c:196  MXM  WARN  The 'ulimit -s' on the system is set to 'unlimited'. This may have negative performance implications. Please set the stack size to the default value (10240) 
  Beginning Test, file ESMF_TestHarnessUTest.F90, line 74
  NUMBER_OF_PROCESSORS           4
  Beginning Test, file ESMF_TestHarnessUTest.F90, line 74
  NUMBER_OF_PROCESSORS           4
  Beginning Test, file ESMF_TestHarnessUTest.F90, line 74
  NUMBER_OF_PROCESSORS           4
  Beginning Test, file ESMF_TestHarnessUTest.F90, line 74
  NUMBER_OF_PROCESSORS           4
command line arg count =    4
command line arg [ 1] =    5:-case
command line arg [ 2] =   21:field_default_test.rc
command line arg [ 3] =    4:-xml
command line arg [ 4] =   17:field_default.xml
argindex (-path) =   -1
argindex (-case) =    1
argindex (-xml) =    3
Path Length =     1
Path = .
Config File = field_default_test.rc
Run Flag =  1
XML Flag =  1
XML File = field_default.xml
   0Path = .
   0Config File = field_default_test.rc
   2Path = .
   0Run Flag =  1
   0XML Flag =  1
   3Path = .
   1Path = .
   1Config File = field_default_test.rc
   2Config File = field_default_test.rc
   2Run Flag =  1
   2XML Flag =  1
   2XML File = field_default.xml
   0XML File = field_default.xml
   3Config File = field_default_test.rc
   3Run Flag =  1
   1Run Flag =  1
   3XML Flag =  1
   3XML File = field_default.xml
   1XML Flag =  1
   1XML File = field_default.xml
 running nonexhaustive tests
 --------------------------------------- 
 Start of test harness test for class FIELD
 --------------------------------------- 
 Opening Dist specifier file  ./field_default_dist_2D.rc
 Opening Dist specifier file  ./field_default_dist_2D.rc
 Opening Dist specifier file  ./field_default_dist_2D.rc
 Opening Dist specifier file  ./field_default_dist_2D.rc
 Opening Grid specifier file  ./field_default_grid_2D.rc
 Opening Grid specifier file  ./field_default_grid_2D.rc
 Opening Grid specifier file  ./field_default_grid_2D.rc
 Opening Grid specifier file  ./field_default_grid_2D.rc
  read grid specification for regridding test
  read grid specification for regridding test
  read grid specification for regridding test
  read grid specification for regridding test
                
 Problem Descriptor String [B1G1;B2G2] =B=> [B1G1;B2G2]
 ( grid config, distribution config, Grid file, Distribution file)
                
 (1,1,1,1) string=[B1{1}G1{20};B2{1}G2{20}]=B=>[B1{1}G1{50};B2{1}G2{50}]
                
                
 -----------------======field regrid test==========-----------------------
field regrid with string [B1G1;B2G2] =B=> [B1G1;B2G2] with entry 1 of file ./field_default_dist_2D.rc and entry 1 of file ./field_default_grid_2D.rc
 Regrid Completed
  PASS: ESMF_TestHarnessUTest.F90 287
PASS: 
  Ending Test, file ESMF_TestHarnessUTest.F90, line 299
  Ending Test, file ESMF_TestHarnessUTest.F90, line 299
  Ending Test, file ESMF_TestHarnessUTest.F90, line 299
 --------------------------------------- 
 End of harness test for class FIELD
 --------------------------------------- 
  Ending Test, file ESMF_TestHarnessUTest.F90, line 299
  PET           2  Test Elapsed Time    50.230000000000011       msec.
  PET           0  Test Elapsed Time    49.728000000000009       msec.
  PET           1  Test Elapsed Time    51.093999999999987       msec.
  PET           3  Test Elapsed Time    51.136000000000003       msec.
