[cgdm-catania:26491] *** Process received signal ***
[cgdm-catania:26491] Signal: Segmentation fault: 11 (11)
[cgdm-catania:26491] Signal code: Address not mapped (1)
[cgdm-catania:26491] Failing at address: 0x44000100
[cgdm-catania:26491] [ 0] 0   libsystem_platform.dylib            0x00007fff6a61fb5d _sigtramp + 29
[cgdm-catania:26491] [ 1] 0   ???                                 0x000000000000ffff 0x0 + 65535
[cgdm-catania:26491] [ 2] 0   libesmf.dylib                       0x000000010b0476a0 _ZN5ESMCI3VMK4initEi + 292
[cgdm-catania:26491] [ 3] 0   libesmf.dylib                       0x000000010b026c61 _ZN5ESMCI2VM10initializeEiPi + 185
[cgdm-catania:26491] [ 4] 0   libesmf.dylib                       0x000000010b071e74 c_esmc_vminitialize_ + 144
[cgdm-catania:26491] [ 5] 0   libesmf.dylib                       0x000000010c23c6d8 esmf_vmmod_mp_esmf_vminitialize_ + 126
[cgdm-catania:26491] [ 6] 0   libesmf.dylib                       0x000000010be41c1a esmf_initmod_mp_esmf_frameworkinternalinit_ + 1044
[cgdm-catania:26491] [ 7] 0   libesmf.dylib                       0x000000010be467cc f_esmf_frameworkinitialize_ + 204
[cgdm-catania:26491] [ 8] 0   libesmf.dylib                       0x000000010abde9a8 _Z16ESMCI_InitializePc17ESMC_CalKind_FlagS_17ESMC_LogKind_Flag + 224
[cgdm-catania:26491] [ 9] 0   libesmf.dylib                       0x000000010b154b84 ESMC_Initialize + 2412
[cgdm-catania:26491] [10] 0   libesmf.dylib                       0x000000010afc475d _ZN5ESMCI9TestStartEPKcii + 862
[cgdm-catania:26491] [11] 0   libesmf.dylib                       0x000000010b157151 ESMC_TestStart + 40
[cgdm-catania:26491] [12] 0   ESMC_XGridUTest                     0x000000010a3f5a65 main + 102
[cgdm-catania:26491] [13] 0   libdyld.dylib                       0x00007fff6a4343d5 start + 1
[cgdm-catania:26491] *** End of error message ***
[cgdm-catania:26489] *** Process received signal ***
[cgdm-catania:26489] Signal: Segmentation fault: 11 (11)
[cgdm-catania:26489] Signal code: Address not mapped (1)
[cgdm-catania:26489] Failing at address: 0x44000100
[cgdm-catania:26489] [ 0] 0   libsystem_platform.dylib            0x00007fff6a61fb5d _sigtramp + 29
[cgdm-catania:26489] [ 1] 0   ???                                 0x000000000000ffff 0x0 + 65535
[cgdm-catania:26489] [ 2] 
===================================================================================
=   BAD TERMINATION OF ONE OF YOUR APPLICATION PROCESSES
=   PID 26488 RUNNING AT cgdm-catania
=   EXIT CODE: 9
=   CLEANING UP REMAINING PROCESSES
=   YOU CAN IGNORE THE BELOW CLEANUP MESSAGES
===================================================================================
YOUR APPLICATION TERMINATED WITH THE EXIT STRING: Segmentation fault: 11 (signal 11)
This typically refers to a problem with your application.
Please see the FAQ page for debugging suggestions
