forrtl: severe (174): SIGSEGV, segmentation fault occurred
Image              PC                Routine            Line        Source             
ESMF_TimeUTest     0000000107CB79A4  Unknown               Unknown  Unknown
libsystem_platfor  00007FFF6A61FB5D  Unknown               Unknown  Unknown
libmpi.40.dylib    000000010C3EB2A1  Unknown               Unknown  Unknown
libesmf.dylib      0000000108AEC6A0  Unknown               Unknown  Unknown
libesmf.dylib      0000000108ACBC61  Unknown               Unknown  Unknown
libesmf.dylib      0000000108B16E74  Unknown               Unknown  Unknown
libesmf.dylib      0000000109CE16D8  Unknown               Unknown  Unknown
libesmf.dylib      00000001098E6C1A  Unknown               Unknown  Unknown
libesmf.dylib      00000001098E638B  Unknown               Unknown  Unknown
libesmf.dylib      0000000109C1D590  Unknown               Unknown  Unknown
ESMF_TimeUTest     0000000107C80F0B  _MAIN__                    96  ESMF_TimeUTest.F90
ESMF_TimeUTest     0000000107C80B1E  Unknown               Unknown  Unknown
forrtl: severe (174): SIGSEGV, segmentation fault occurred
Image              PC                Routine            Line        Source             
ESMF_TimeUTest     000000010EE4F9A4  Unknown               Unknown  Unknown
libsystem_platfor  00007FFF6A61FB5D  Unknown               Unknown  Unknown
libmpi.40.dylib    00000001135792A1  Unknown               Unknown  Unknown
libesmf.dylib      000000010FC816A0  Unknown               Unknown  Unknown
libesmf.dylib      000000010FC60C61  Unknown               Unknown  Unknown
libesmf.dylib      000000010FCABE74  Unknown               Unknown  Unknown
libesmf.dylib      0000000110E766D8  Unknown               Unknown  Unknown
libesmf.dylib      0000000110A7BC1A  Unknown               Unknown  Unknown
libesmf.dylib      0000000110A7B38B  Unknown               Unknown  Unknown
libesmf.dylib      0000000110DB2590  Unknown               Unknown  Unknown
ESMF_TimeUTest     000000010EE18F0B  _MAIN__                    96  ESMF_TimeUTest.F90
ESMF_TimeUTest     000000010EE18B1E  Unknown               Unknown  Unknown
forrtl: severe (174): SIGSEGV, segmentation fault occurred
Image              PC                Routine            Line        Source             
ESMF_TimeUTest     00000001017B39A4  Unknown               Unknown  Unknown
libsystem_platfor  00007FFF6A61FB5D  Unknown               Unknown  Unknown
libmpi.40.dylib    0000000105EE72A1  Unknown               Unknown  Unknown
libesmf.dylib      00000001025E46A0  Unknown               Unknown  Unknown
libesmf.dylib      00000001025C3C61  Unknown               Unknown  Unknown
libesmf.dylib      000000010260EE74  Unknown               Unknown  Unknown
libesmf.dylib      00000001037D96D8  Unknown               Unknown  Unknown
libesmf.dylib      00000001033DEC1A  Unknown               Unknown  Unknown
libesmf.dylib      00000001033DE38B  Unknown               Unknown  Unknown
libesmf.dylib      0000000103715590  Unknown               Unknown  Unknown
ESMF_TimeUTest     000000010177CF0B  _MAIN__                    96  ESMF_TimeUTest.F90
ESMF_TimeUTest     000000010177CB1E  Unknown               Unknown  Unknown
forrtl: severe (174): SIGSEGV, segmentation fault occurred
Image              PC                Routine            Line        Source             
ESMF_TimeUTest     000000010815F9A4  Unknown               Unknown  Unknown
libsystem_platfor  00007FFF6A61FB5D  Unknown               Unknown  Unknown
libmpi.40.dylib    000000010C8862A1  Unknown               Unknown  Unknown
libesmf.dylib      0000000108F8D6A0  Unknown               Unknown  Unknown
libesmf.dylib      0000000108F6CC61  Unknown               Unknown  Unknown
libesmf.dylib      0000000108FB7E74  Unknown               Unknown  Unknown
libesmf.dylib      000000010A1826D8  Unknown               Unknown  Unknown
libesmf.dylib      0000000109D87C1A  Unknown               Unknown  Unknown
libesmf.dylib      0000000109D8738B  Unknown               Unknown  Unknown
libesmf.dylib      000000010A0BE590  Unknown               Unknown  Unknown
ESMF_TimeUTest     0000000108128F0B  _MAIN__                    96  ESMF_TimeUTest.F90
ESMF_TimeUTest     0000000108128B1E  Unknown               Unknown  Unknown
