  Beginning Test, file ESMF_ArrayBundleIOUTest.F90, line 70
  NUMBER_OF_PROCESSORS           1
 PET count must be 4
  Ending Test, file ESMF_ArrayBundleIOUTest.F90, line 531
  PET           0  Test Elapsed Time   0.835999999999990       msec.
  Beginning Test, file ESMF_ArrayBundleIOUTest.F90, line 70
  NUMBER_OF_PROCESSORS           1
 PET count must be 4
  Ending Test, file ESMF_ArrayBundleIOUTest.F90, line 531
  PET           0  Test Elapsed Time   0.750000000000001       msec.
  Beginning Test, file ESMF_ArrayBundleIOUTest.F90, line 70
  NUMBER_OF_PROCESSORS           1
 PET count must be 4
  Ending Test, file ESMF_ArrayBundleIOUTest.F90, line 531
  PET           0  Test Elapsed Time   0.604000000000007       msec.
  Beginning Test, file ESMF_ArrayBundleIOUTest.F90, line 70
  NUMBER_OF_PROCESSORS           1
 PET count must be 4
  Ending Test, file ESMF_ArrayBundleIOUTest.F90, line 531
  PET           0  Test Elapsed Time   0.952999999999996       msec.
