build time -- 2021-04-28 10:56:36.496283
  Beginning Test, file ESMF_LogErrPerfUTest.F90, line 55
  NUMBER_OF_PROCESSORS           4
  Beginning Test, file ESMF_LogErrPerfUTest.F90, line 55
  NUMBER_OF_PROCESSORS           4
  Beginning Test, file ESMF_LogErrPerfUTest.F90, line 55
  NUMBER_OF_PROCESSORS           4
  Beginning Test, file ESMF_LogErrPerfUTest.F90, line 55
  NUMBER_OF_PROCESSORS           4
  PASS  Performance of ESMF_LogFoundError() 1000x Test, ESMF_LogErrPerfUTest.F90, line 64
  PASS  Performance of ESMF_LogFoundError() 1000x Test, ESMF_LogErrPerfUTest.F90, line 64
  PASS  Performance of ESMF_LogFoundError() 1000x Test, ESMF_LogErrPerfUTest.F90, line 64
  PASS  Performance of ESMF_LogFoundError() 1000x Test, ESMF_LogErrPerfUTest.F90, line 64
  PASS  Performance of ESMF_LogFoundError() 10000x Test, ESMF_LogErrPerfUTest.F90, line 72
  PASS  Performance of ESMF_LogFoundError() 10000x Test, ESMF_LogErrPerfUTest.F90, line 72
  PASS  Performance of ESMF_LogFoundError() 10000x Test, ESMF_LogErrPerfUTest.F90, line 72
  PASS  Performance of ESMF_LogFoundError() 10000x Test, ESMF_LogErrPerfUTest.F90, line 72
  PASS  Performance of ESMF_LogFoundError() 100000x Test, ESMF_LogErrPerfUTest.F90, line 80
  PASS  Performance of ESMF_LogFoundError() 100000x Test, ESMF_LogErrPerfUTest.F90, line 80
  PASS  Performance of ESMF_LogFoundError() 100000x Test, ESMF_LogErrPerfUTest.F90, line 80
  PASS  Performance of ESMF_LogFoundError() 100000x Test, ESMF_LogErrPerfUTest.F90, line 80
  PASS  Performance of ESMF_LogFoundError() 1000000x Test, ESMF_LogErrPerfUTest.F90, line 88
  PASS  Threshold check for ESMF_LogFoundError() 1000000x Test, ESMF_LogErrPerfUTest.F90, line 99
  PASS  Performance of ESMF_LogFoundError() 1000000x Test, ESMF_LogErrPerfUTest.F90, line 88
  PASS  Threshold check for ESMF_LogFoundError() 1000000x Test, ESMF_LogErrPerfUTest.F90, line 99
  Ending Test, file ESMF_LogErrPerfUTest.F90, line 103
  Ending Test, file ESMF_LogErrPerfUTest.F90, line 103
  PASS  Performance of ESMF_LogFoundError() 1000000x Test, ESMF_LogErrPerfUTest.F90, line 88
  PASS  Threshold check for ESMF_LogFoundError() 1000000x Test, ESMF_LogErrPerfUTest.F90, line 99
  PASS  Performance of ESMF_LogFoundError() 1000000x Test, ESMF_LogErrPerfUTest.F90, line 88
  PASS  Threshold check for ESMF_LogFoundError() 1000000x Test, ESMF_LogErrPerfUTest.F90, line 99
  Ending Test, file ESMF_LogErrPerfUTest.F90, line 103
  Ending Test, file ESMF_LogErrPerfUTest.F90, line 103
  PET           3  Test Elapsed Time    15.845999999999998       msec.
  PET           0  Test Elapsed Time    16.392000000000003       msec.
  PET           2  Test Elapsed Time    16.454000000000004       msec.
  PET           1  Test Elapsed Time    15.997000000000003       msec.
