build time -- 2021-04-26 02:33:04
MPI startup(): Warning: I_MPI_PMI_LIBRARY will be ignored since the hydra process manager was found
MPI startup(): Warning: I_MPI_PMI_LIBRARY will be ignored since the hydra process manager was found
MPI startup(): Warning: I_MPI_PMI_LIBRARY will be ignored since the hydra process manager was found
MPI startup(): Warning: I_MPI_PMI_LIBRARY will be ignored since the hydra process manager was found
Beginning Test, file ESMC_BaseUTest.C, line 143
NUMBER_OF_PROCESSORS 4
PASS testSerializeDeserialize, ESMC_BaseUTest.C, line 150
Ending Test, file ESMC_BaseUTest.C, line 154
Beginning Test, file ESMC_BaseUTest.C, line 143
NUMBER_OF_PROCESSORS 4
PASS testSerializeDeserialize, ESMC_BaseUTest.C, line 150
Ending Test, file ESMC_BaseUTest.C, line 154
Beginning Test, file ESMC_BaseUTest.C, line 143
NUMBER_OF_PROCESSORS 4
PASS testSerializeDeserialize, ESMC_BaseUTest.C, line 150
Ending Test, file ESMC_BaseUTest.C, line 154
Beginning Test, file ESMC_BaseUTest.C, line 143
NUMBER_OF_PROCESSORS 4
PASS testSerializeDeserialize, ESMC_BaseUTest.C, line 150
Ending Test, file ESMC_BaseUTest.C, line 154
 PET 2 Test Elapsed Time  70.107000 msec.
 PET 3 Test Elapsed Time  46.513000 msec.
 PET 0 Test Elapsed Time  70.064000 msec.
 PET 1 Test Elapsed Time  62.325000 msec.
