forrtl: severe (174): SIGSEGV, segmentation fault occurred
Image              PC                Routine            Line        Source             
ESMF_AttPackField  0000000100713564  Unknown               Unknown  Unknown
libsystem_platfor  00007FFF6A61FB5D  Unknown               Unknown  Unknown
libmpi.40.dylib    0000000104E492A1  Unknown               Unknown  Unknown
libesmf.dylib      00000001015520F8  Unknown               Unknown  Unknown
libesmf.dylib      00000001015316B9  Unknown               Unknown  Unknown
libesmf.dylib      000000010157C8CC  Unknown               Unknown  Unknown
libesmf.dylib      00000001027473DC  Unknown               Unknown  Unknown
libesmf.dylib      000000010234C91E  Unknown               Unknown  Unknown
libesmf.dylib      000000010234C08F  Unknown               Unknown  Unknown
libesmf.dylib      0000000102683294  Unknown               Unknown  Unknown
ESMF_AttPackField  00000001006DCE58  _MAIN__                    92  ESMF_AttPackFieldUTest.F90
ESMF_AttPackField  00000001006DCCFE  Unknown               Unknown  Unknown
forrtl: severe (174): SIGSEGV, segmentation fault occurred
Image              PC                Routine            Line        Source             
ESMF_AttPackField  0000000108126564  Unknown               Unknown  Unknown
libsystem_platfor  00007FFF6A61FB5D  Unknown               Unknown  Unknown
libmpi.40.dylib    000000010C8592A1  Unknown               Unknown  Unknown
libesmf.dylib      0000000108F630F8  Unknown               Unknown  Unknown
libesmf.dylib      0000000108F426B9  Unknown               Unknown  Unknown
libesmf.dylib      0000000108F8D8CC  Unknown               Unknown  Unknown
libesmf.dylib      000000010A1583DC  Unknown               Unknown  Unknown
libesmf.dylib      0000000109D5D91E  Unknown               Unknown  Unknown
libesmf.dylib      0000000109D5D08F  Unknown               Unknown  Unknown
libesmf.dylib      000000010A094294  Unknown               Unknown  Unknown
ESMF_AttPackField  00000001080EFE58  _MAIN__                    92  ESMF_AttPackFieldUTest.F90
ESMF_AttPackField  00000001080EFCFE  Unknown               Unknown  Unknown
forrtl: severe (174): SIGSEGV, segmentation fault occurred
Image              PC                Routine            Line        Source             
ESMF_AttPackField  0000000106BB0564  Unknown               Unknown  Unknown
libsystem_platfor  00007FFF6A61FB5D  Unknown               Unknown  Unknown
libmpi.40.dylib    000000010B2EB2A1  Unknown               Unknown  Unknown
libesmf.dylib      00000001079EE0F8  Unknown               Unknown  Unknown
libesmf.dylib      00000001079CD6B9  Unknown               Unknown  Unknown
libesmf.dylib      0000000107A188CC  Unknown               Unknown  Unknown
libesmf.dylib      0000000108BE33DC  Unknown               Unknown  Unknown
libesmf.dylib      00000001087E891E  Unknown               Unknown  Unknown
libesmf.dylib      00000001087E808F  Unknown               Unknown  Unknown
libesmf.dylib      0000000108B1F294  Unknown               Unknown  Unknown
ESMF_AttPackField  0000000106B79E58  _MAIN__                    92  ESMF_AttPackFieldUTest.F90
ESMF_AttPackField  0000000106B79CFE  Unknown               Unknown  Unknown
forrtl: severe (174): SIGSEGV, segmentation fault occurred
Image              PC                Routine            Line        Source             
ESMF_AttPackField  0000000100FE2564  Unknown               Unknown  Unknown
libsystem_platfor  00007FFF6A61FB5D  Unknown               Unknown  Unknown
libmpi.40.dylib    000000010571C2A1  Unknown               Unknown  Unknown
libesmf.dylib      0000000101E210F8  Unknown               Unknown  Unknown
libesmf.dylib      0000000101E006B9  Unknown               Unknown  Unknown
libesmf.dylib      0000000101E4B8CC  Unknown               Unknown  Unknown
libesmf.dylib      00000001030163DC  Unknown               Unknown  Unknown
libesmf.dylib      0000000102C1B91E  Unknown               Unknown  Unknown
libesmf.dylib      0000000102C1B08F  Unknown               Unknown  Unknown
libesmf.dylib      0000000102F52294  Unknown               Unknown  Unknown
ESMF_AttPackField  0000000100FABE58  _MAIN__                    92  ESMF_AttPackFieldUTest.F90
ESMF_AttPackField  0000000100FABCFE  Unknown               Unknown  Unknown
