build time -- 2021-04-27 16:21:44
  Beginning Test, file ESMF_AttributeUpdateComponentUTest.F90, line 448
  Beginning Test, file ESMF_AttributeUpdateComponentUTest.F90, line 448
  Beginning Test, file ESMF_AttributeUpdateComponentUTest.F90, line 448
  Beginning Test, file ESMF_AttributeUpdateComponentUTest.F90, line 448
  Beginning Test, file ESMF_AttributeUpdateComponentUTest.F90, line 448
  Beginning Test, file ESMF_AttributeUpdateComponentUTest.F90, line 448
  Beginning Test, file ESMF_AttributeUpdateComponentUTest.F90, line 448
  Beginning Test, file ESMF_AttributeUpdateComponentUTest.F90, line 448
  NUMBER_OF_PROCESSORS           8
  NUMBER_OF_PROCESSORS           8
  NUMBER_OF_PROCESSORS           8
  NUMBER_OF_PROCESSORS           8
  NUMBER_OF_PROCESSORS           8
  NUMBER_OF_PROCESSORS           8
  NUMBER_OF_PROCESSORS           8
  NUMBER_OF_PROCESSORS           8
  PASS  PET            0 : Getting an updated Attribute value from a Component test: value = value1, ESMF_AttributeUpdateComponentUTest.F90, line 532
  PASS  PET            0 : Getting an updated Attribute value from a Component test: value = value2, ESMF_AttributeUpdateComponentUTest.F90, line 539
  PASS  PET            1 : Getting an updated Attribute value from a Component test: value = value1, ESMF_AttributeUpdateComponentUTest.F90, line 532
  PASS  PET            1 : Getting an updated Attribute value from a Component test: value = value2, ESMF_AttributeUpdateComponentUTest.F90, line 539
  PASS  PET            1 : Getting an updated Attribute value from a Component test: value = value3, ESMF_AttributeUpdateComponentUTest.F90, line 546
  PASS  PET            2 : Getting an updated Attribute value from a Component test: value = value1, ESMF_AttributeUpdateComponentUTest.F90, line 532
  PASS  PET            2 : Getting an updated Attribute value from a Component test: value = value2, ESMF_AttributeUpdateComponentUTest.F90, line 539
  PASS  PET            2 : Getting an updated Attribute value from a Component test: value = value3, ESMF_AttributeUpdateComponentUTest.F90, line 546
  PASS  PET            3 : Getting an updated Attribute value from a Component test: value = value1, ESMF_AttributeUpdateComponentUTest.F90, line 532
  PASS  PET            3 : Getting an updated Attribute value from a Component test: value = value2, ESMF_AttributeUpdateComponentUTest.F90, line 539
  PASS  PET            3 : Getting an updated Attribute value from a Component test: value = value3, ESMF_AttributeUpdateComponentUTest.F90, line 546
  PASS  PET            4 : Getting an updated Attribute value from a Component test: value = value1, ESMF_AttributeUpdateComponentUTest.F90, line 532
  PASS  PET            4 : Getting an updated Attribute value from a Component test: value = value2, ESMF_AttributeUpdateComponentUTest.F90, line 539
  PASS  PET            4 : Getting an updated Attribute value from a Component test: value = value3, ESMF_AttributeUpdateComponentUTest.F90, line 546
  PASS  PET            5 : Getting an updated Attribute value from a Component test: value = value1, ESMF_AttributeUpdateComponentUTest.F90, line 532
  PASS  PET            5 : Getting an updated Attribute value from a Component test: value = value2, ESMF_AttributeUpdateComponentUTest.F90, line 539
  PASS  PET            5 : Getting an updated Attribute value from a Component test: value = value3, ESMF_AttributeUpdateComponentUTest.F90, line 546
  PASS  PET            6 : Getting an updated Attribute value from a Component test: value = value1, ESMF_AttributeUpdateComponentUTest.F90, line 532
  PASS  PET            6 : Getting an updated Attribute value from a Component test: value = value2, ESMF_AttributeUpdateComponentUTest.F90, line 539
  PASS  PET            6 : Getting an updated Attribute value from a Component test: value = value3, ESMF_AttributeUpdateComponentUTest.F90, line 546
  PASS  PET            7 : Getting an updated Attribute value from a Component test: value = value1, ESMF_AttributeUpdateComponentUTest.F90, line 532
  PASS  PET            7 : Getting an updated Attribute value from a Component test: value = value2, ESMF_AttributeUpdateComponentUTest.F90, line 539
  PASS  PET            7 : Getting an updated Attribute value from a Component test: value = value3, ESMF_AttributeUpdateComponentUTest.F90, line 546
  PASS  PET            0 : Getting an updated Attribute value from a Component test: value = value3, ESMF_AttributeUpdateComponentUTest.F90, line 546
  PASS  PET            0 : Getting a lone Attribute from a Component test: value = Lone Attribute, ESMF_AttributeUpdateComponentUTest.F90, line 553
  PASS  PET            1 : Getting a lone Attribute from a Component test: value = Lone Attribute, ESMF_AttributeUpdateComponentUTest.F90, line 553
  PASS  PET            2 : Getting a lone Attribute from a Component test: value = Lone Attribute, ESMF_AttributeUpdateComponentUTest.F90, line 553
  PASS  PET            3 : Getting a lone Attribute from a Component test: value = Lone Attribute, ESMF_AttributeUpdateComponentUTest.F90, line 553
  PASS  PET            4 : Getting a lone Attribute from a Component test: value = Lone Attribute, ESMF_AttributeUpdateComponentUTest.F90, line 553
  PASS  PET            5 : Getting a lone Attribute from a Component test: value = Lone Attribute, ESMF_AttributeUpdateComponentUTest.F90, line 553
  PASS  PET            6 : Getting a lone Attribute from a Component test: value = Lone Attribute, ESMF_AttributeUpdateComponentUTest.F90, line 553
  PASS  PET            7 : Getting a lone Attribute from a Component test: value = Lone Attribute, ESMF_AttributeUpdateComponentUTest.F90, line 553
  Ending Test, file ESMF_AttributeUpdateComponentUTest.F90, line 578
  Ending Test, file ESMF_AttributeUpdateComponentUTest.F90, line 578
  Ending Test, file ESMF_AttributeUpdateComponentUTest.F90, line 578
  Ending Test, file ESMF_AttributeUpdateComponentUTest.F90, line 578
  Ending Test, file ESMF_AttributeUpdateComponentUTest.F90, line 578
  Ending Test, file ESMF_AttributeUpdateComponentUTest.F90, line 578
  Ending Test, file ESMF_AttributeUpdateComponentUTest.F90, line 578
  Ending Test, file ESMF_AttributeUpdateComponentUTest.F90, line 578
  PET           1  Test Elapsed Time    72.372000000000000       msec.
  PET           2  Test Elapsed Time    72.583999999999975       msec.
  PET           3  Test Elapsed Time    72.597999999999999       msec.
  PET           4  Test Elapsed Time    63.293999999999990       msec.
  PET           5  Test Elapsed Time    63.387999999999998       msec.
  PET           6  Test Elapsed Time    62.847999999999985       msec.
  PET           7  Test Elapsed Time    63.533999999999978       msec.
  PET           0  Test Elapsed Time    55.874999999999993       msec.
