build time -- 2021-04-23 09:02:24
Name: MyArrayBundle	  Convention: customconvention2	  Purpose: custompurpose2	


