Mon Apr 19 00:52:06 2021: [unset]:_pmi_alps_init:alps_get_placement_info returned with error -1
Mon Apr 19 00:52:06 2021: [unset]:_pmi_init:_pmi_alps_init returned -1
  Beginning Test, file ESMF_MeshOpUTest.F90, line 50
  NUMBER_OF_PROCESSORS           1
 Starting test3
  PASS  exercise difference operation, ESMF_MeshOpUTest.F90, line 60
  Ending Test, file ESMF_MeshOpUTest.F90, line 62
  PET           0  Test Elapsed Time    19.5170000000000       msec.
