  Beginning Test, file ESMF_FieldLSSMMUTest.F90, line 58
  Beginning Test, file ESMF_FieldLSSMMUTest.F90, line 58
  Beginning Test, file ESMF_FieldLSSMMUTest.F90, line 58
  Beginning Test, file ESMF_FieldLSSMMUTest.F90, line 58
  NUMBER_OF_PROCESSORS           4
  NUMBER_OF_PROCESSORS           4
  NUMBER_OF_PROCESSORS           4
  NUMBER_OF_PROCESSORS           4
  PASS  FieldLSSMM test using lpe for both src and dst, with halos, ESMF_FieldLS
  PASS  FieldLSSMM test using lpe for both src and dst, with halos, ESMF_FieldLS
 SMMUTest.F90, line 72
  PASS  FieldLSSMM test using lpe for both src and dst, with halos, ESMF_FieldLS
 SMMUTest.F90, line 72
 SMMUTest.F90, line 72
  PASS  FieldLSSMM test using lpe for both src and dst, with halos, ESMF_FieldLS
 SMMUTest.F90, line 72
  Ending Test, file ESMF_FieldLSSMMUTest.F90, line 75
  Ending Test, file ESMF_FieldLSSMMUTest.F90, line 75
  Ending Test, file ESMF_FieldLSSMMUTest.F90, line 75
  Ending Test, file ESMF_FieldLSSMMUTest.F90, line 75
  PET           0  Test Elapsed Time    7.99999999999999       msec.
  PET           2  Test Elapsed Time    8.00000000000000       msec.
  PET           1  Test Elapsed Time    12.0000000000000       msec.
  PET           3  Test Elapsed Time    8.00000000000000       msec.
Application 23959152 resources: utime ~0s, stime ~1s, Rss ~32676, inblocks ~3352, outblocks ~32
