  Beginning Test, file ESMF_AttPackCplCompUTest.F90, line 92
  NUMBER_OF_PROCESSORS           1
  PASS  Creating a custom Attribute package on a CplComp Test, ESMF_AttPackCplCompUTest.F90, line 145
  PASS  Add to a custom Attribute package on a CplComp Test, ESMF_AttPackCplCompUTest.F90, line 170
  PASS  Setting an ESMF_I4 Attribute using an AttPack object on a CplComp Test, ESMF_AttPackCplCompUTest.F90, line 183
  PASS  Getting an ESMF_I4 Attribute using an AttPack object on a CplComp Test, ESMF_AttPackCplCompUTest.F90, line 192
  PASS  Setting an ESMF_I4 list Attribute using an AttPack object on a CplComp Test, ESMF_AttPackCplCompUTest.F90, line 201
  PASS  Getting an ESMF_I4 list Attribute using an AttPack object on a CplComp Test, ESMF_AttPackCplCompUTest.F90, line 211
  PASS  Setting an ESMF_I8 Attribute using an AttPack object on a CplComp Test, ESMF_AttPackCplCompUTest.F90, line 220
  PASS  Getting an ESMF_I8 Attribute using an AttPack object on a CplComp Test, ESMF_AttPackCplCompUTest.F90, line 229
  PASS  Setting an ESMF_I8 list Attribute using an AttPack object on a CplComp Test, ESMF_AttPackCplCompUTest.F90, line 238
  PASS  Getting an ESMF_I8 list Attribute using an AttPack object on a CplComp Test, ESMF_AttPackCplCompUTest.F90, line 248
  PASS  Setting an ESMF_R4 Attribute using an AttPack object on a CplComp Test, ESMF_AttPackCplCompUTest.F90, line 257
  PASS  Getting an ESMF_R4 Attribute using an AttPack object on a CplComp Test, ESMF_AttPackCplCompUTest.F90, line 266
  PASS  Setting an ESMF_R4 list Attribute using an AttPack object on a CplComp Test, ESMF_AttPackCplCompUTest.F90, line 275
  PASS  Getting an ESMF_R4 list Attribute using an AttPack object on a CplComp Test, ESMF_AttPackCplCompUTest.F90, line 285
  PASS  Setting an ESMF_R8name Attribute using an AttPack object on a CplComp Test, ESMF_AttPackCplCompUTest.F90, line 294
  PASS  Getting an ESMF_R8 Attribute using an AttPack object on a CplComp Test, ESMF_AttPackCplCompUTest.F90, line 303
  PASS  Setting an ESMF_R8 list Attribute using an AttPack object on a CplComp Test, ESMF_AttPackCplCompUTest.F90, line 312
  PASS  Getting an ESMF_R8 list Attribute using an AttPack object on a CplComp Test, ESMF_AttPackCplCompUTest.F90, line 322
  PASS  Setting a logical Attribute using an AttPack object on a CplComp Test, ESMF_AttPackCplCompUTest.F90, line 331
  PASS  Getting a logical Attribute using an AttPack object on a CplComp Test, ESMF_AttPackCplCompUTest.F90, line 340
  PASS  Setting a logical list Attribute using an AttPack object on a CplComp Test, ESMF_AttPackCplCompUTest.F90, line 349
  PASS  Getting a logical list Attribute using an AttPack object on a CplComp Test, ESMF_AttPackCplCompUTest.F90, line 359
  PASS  Setting a character Attribute using an AttPack object on a CplComp Test, ESMF_AttPackCplCompUTest.F90, line 368
  PASS  Getting a character Attribute using an AttPack object on a CplComp Test, ESMF_AttPackCplCompUTest.F90, line 377
  PASS  Setting a character list Attribute using an AttPack object on a CplComp Test, ESMF_AttPackCplCompUTest.F90, line 386
  PASS  Getting a character list Attribute using an AttPack object on a CplComp Test, ESMF_AttPackCplCompUTest.F90, line 396
  PASS  Removing an Char list Attribute using an AttPack object on a CplComp Test, ESMF_AttPackCplCompUTest.F90, line 404
  PASS  Test for getting the Attribute count of an Attpack on mobj, count =           11, ESMF_AttPackCplCompUTest.F90, line 416
  PASS  Test for getting the Attribute count using an Attpack object on mobj, count =           11, ESMF_AttPackCplCompUTest.F90, line 428
  PASS  Test for getting the Attpack count of an Attpack on mobj, count =            0, ESMF_AttPackCplCompUTest.F90, line 442
  PASS  Test for getting the Attpack count using an Attpack object on mobj, count =            0, ESMF_AttPackCplCompUTest.F90, line 456
  PASS  Adding multiple Attributes to a nested Attribute package on a CplComp Test, ESMF_AttPackCplCompUTest.F90, line 487
  PASS  Add a duplicate attpack. Ensure mappig is identical after adding., ESMF_AttPackCplCompUTest.F90, line 503
In file '/Volumes/esmf/mpotts/gfortran_9.3.0_mpiuni_g/src/Infrastructure/Util/src/ESMF_LogErr.F90', around line 2685: Error allocating 140471200382989 bytes: Cannot allocate memory

Error termination. Backtrace:
#0  0x10fbfcb6d
#1  0x10fbfd825
#2  0x10fbfdbde
#3  0x10be721d1
#4  0x10ac71cef
  PASS  Removing an Attribute in a nested Attribute package on a CplComp Test, ESMF_AttPackCplCompUTest.F90, line 514
