build time -- 2021-04-24 07:50:54
Beginning Test, file ESMCI_ExceptionsUTest.C, line 63
NUMBER_OF_PROCESSORS 4
PASS Bare throw Test, ESMCI_ExceptionsUTest.C, line 76
PASS Deep throw Test, ESMCI_ExceptionsUTest.C, line 89
PASS ClassNoDestructor throw Test, ESMCI_ExceptionsUTest.C, line 102
PASS ClassWithDestructor throw Test, ESMCI_ExceptionsUTest.C, line 115
Ending Test, file ESMCI_ExceptionsUTest.C, line 119
Beginning Test, file ESMCI_ExceptionsUTest.C, line 63
NUMBER_OF_PROCESSORS 4
PASS Bare throw Test, ESMCI_ExceptionsUTest.C, line 76
PASS Deep throw Test, ESMCI_ExceptionsUTest.C, line 89
PASS ClassNoDestructor throw Test, ESMCI_ExceptionsUTest.C, line 102
PASS ClassWithDestructor throw Test, ESMCI_ExceptionsUTest.C, line 115
Ending Test, file ESMCI_ExceptionsUTest.C, line 119
Beginning Test, file ESMCI_ExceptionsUTest.C, line 63
NUMBER_OF_PROCESSORS 4
Beginning Test, file ESMCI_ExceptionsUTest.C, line 63
NUMBER_OF_PROCESSORS 4
PASS Bare throw Test, ESMCI_ExceptionsUTest.C, line 76
PASS Deep throw Test, ESMCI_ExceptionsUTest.C, line 89
PASS ClassNoDestructor throw Test, ESMCI_ExceptionsUTest.C, line 102
PASS ClassWithDestructor throw Test, ESMCI_ExceptionsUTest.C, line 115
PASS Bare throw Test, ESMCI_ExceptionsUTest.C, line 76
Ending Test, file ESMCI_ExceptionsUTest.C, line 119
PASS Deep throw Test, ESMCI_ExceptionsUTest.C, line 89
PASS ClassNoDestructor throw Test, ESMCI_ExceptionsUTest.C, line 102
PASS ClassWithDestructor throw Test, ESMCI_ExceptionsUTest.C, line 115
Ending Test, file ESMCI_ExceptionsUTest.C, line 119
 PET 1 Test Elapsed Time  0.423000 msec.
 PET 2 Test Elapsed Time  0.497000 msec.
 PET 0 Test Elapsed Time  0.831000 msec.
 PET 3 Test Elapsed Time  1.117000 msec.
Beginning Test, file ESMCI_ExceptionsUTest.C, line 63
NUMBER_OF_PROCESSORS 4
PASS Bare throw Test, ESMCI_ExceptionsUTest.C, line 76
PASS Deep throw Test, ESMCI_ExceptionsUTest.C, line 89
PASS ClassNoDestructor throw Test, ESMCI_ExceptionsUTest.C, line 102
PASS ClassWithDestructor throw Test, ESMCI_ExceptionsUTest.C, line 115
Ending Test, file ESMCI_ExceptionsUTest.C, line 119
Beginning Test, file ESMCI_ExceptionsUTest.C, line 63
NUMBER_OF_PROCESSORS 4
PASS Bare throw Test, ESMCI_ExceptionsUTest.C, line 76
PASS Deep throw Test, ESMCI_ExceptionsUTest.C, line 89
PASS ClassNoDestructor throw Test, ESMCI_ExceptionsUTest.C, line 102
PASS ClassWithDestructor throw Test, ESMCI_ExceptionsUTest.C, line 115
Ending Test, file ESMCI_ExceptionsUTest.C, line 119
Beginning Test, file ESMCI_ExceptionsUTest.C, line 63
NUMBER_OF_PROCESSORS 4
Beginning Test, file ESMCI_ExceptionsUTest.C, line 63
NUMBER_OF_PROCESSORS 4
PASS Bare throw Test, ESMCI_ExceptionsUTest.C, line 76
PASS Deep throw Test, ESMCI_ExceptionsUTest.C, line 89
PASS ClassNoDestructor throw Test, ESMCI_ExceptionsUTest.C, line 102
PASS ClassWithDestructor throw Test, ESMCI_ExceptionsUTest.C, line 115
PASS Bare throw Test, ESMCI_ExceptionsUTest.C, line 76
Ending Test, file ESMCI_ExceptionsUTest.C, line 119
PASS Deep throw Test, ESMCI_ExceptionsUTest.C, line 89
PASS ClassNoDestructor throw Test, ESMCI_ExceptionsUTest.C, line 102
PASS ClassWithDestructor throw Test, ESMCI_ExceptionsUTest.C, line 115
Ending Test, file ESMCI_ExceptionsUTest.C, line 119
 PET 1 Test Elapsed Time  0.423000 msec.
 PET 2 Test Elapsed Time  0.497000 msec.
 PET 0 Test Elapsed Time  0.831000 msec.
 PET 3 Test Elapsed Time  1.117000 msec.
