Beginning Test, file ESMC_StateUTest.C, line 53
NUMBER_OF_PROCESSORS 4
PASS StateCreate Unit test, ESMC_StateUTest.C, line 66
PASS ArraySpecSet, ESMC_StateUTest.C, line 75
PASS Set up minIndex, ESMC_StateUTest.C, line 85
PASS Set up maxIndex, ESMC_StateUTest.C, line 96
PASS Create 5 x 10 ESMC_DistGrid object, ESMC_StateUTest.C, line 104
Beginning Test, file ESMC_StateUTest.C, line 53
NUMBER_OF_PROCESSORS 4
Beginning Test, file ESMC_StateUTest.C, line 53
NUMBER_OF_PROCESSORS 4
PASS Create ESMC_Array object, ESMC_StateUTest.C, line 112
PASS Retrieve the name of an ESMC_Array object, ESMC_StateUTest.C, line 120
Beginning Test, file ESMC_StateUTest.C, line 53
NUMBER_OF_PROCESSORS 4
--- ESMCI::Array::print start ---
 Base name    = array1
 Status: Base = Ready,  object = Ready
 Proxy        = no
 Root Info (Attributes):
PASS Verify array object name retrieved, ESMC_StateUTest.C, line 128
PASS Initialize data an ESMC_Array object, ESMC_StateUTest.C, line 136
PASS StateCreate Unit test, ESMC_StateUTest.C, line 66
PASS StateCreate Unit test, ESMC_StateUTest.C, line 66
{}Array typekind/rank: Integer*4 / 2 
~ lower class' values ~
DistGrid dimCount = 2
deCount = 4
localDeCount = 1
~ local data in LocalArray for DE 2 ~
LocalArrayPrint: Array at address 0x7f818cc055d0:
            rank = 2, typekind = 3, base_addr = 0x7f818cc04f80
            dim[0] = 1  dim[1] = 10  
PASS ArraySpecSet, ESMC_StateUTest.C, line 75
PASS Set up minIndex, ESMC_StateUTest.C, line 85
PASS Set up maxIndex, ESMC_StateUTest.C, line 96
PASS ArraySpecSet, ESMC_StateUTest.C, line 75
PASS Set up minIndex, ESMC_StateUTest.C, line 85
PASS Set up maxIndex, ESMC_StateUTest.C, line 96
PASS Print ESMC_Array object, ESMC_StateUTest.C, line 144
PASS StateCreate Unit test, ESMC_StateUTest.C, line 66
PASS ArraySpecSet, ESMC_StateUTest.C, line 75
  Integer, *4, Dim 2, Data values:
( 1, 1) =  0
( 1, 2) =  -1073741824
( 1, 3) =  0
( 1, 4) =  -1073741824
( 1, 5) =  5
( 1, 6) =  0
( 1, 7) =  0
( 1, 8) =  0
( 1, 9) =  0
( 1,10) =  1694498816
dim 1: [0]: [1 [1 [1, 1] 1] 1]
dim 2: [1]: [1 [1 [1, 10] 10] 10]
--- ESMCI::Array::print end ---
PASS Create 5 x 10 ESMC_DistGrid object, ESMC_StateUTest.C, line 104
PASS Create 5 x 10 ESMC_DistGrid object, ESMC_StateUTest.C, line 104
PASS Set up minIndex, ESMC_StateUTest.C, line 85
PASS Set up maxIndex, ESMC_StateUTest.C, line 96
PASS Add an Array to a State object, ESMC_StateUTest.C, line 151
PASS Create 5 x 10 ESMC_DistGrid object, ESMC_StateUTest.C, line 104
PASS Get an array from a state, based on its name, ESMC_StateUTest.C, line 159
PASS Compare array stored into and array retrieved from a state, ESMC_StateUTest.C, line 167
PASS Destroy ESMC_DistGrid object, ESMC_StateUTest.C, line 175
PASS Create ESMC_Array object, ESMC_StateUTest.C, line 112
PASS Retrieve the name of an ESMC_Array object, ESMC_StateUTest.C, line 120
PASS Create ESMC_Array object, ESMC_StateUTest.C, line 112
PASS Destroy ESMC_Array object, ESMC_StateUTest.C, line 183
PASS Verify array object name retrieved, ESMC_StateUTest.C, line 128
PASS Retrieve the name of an ESMC_Array object, ESMC_StateUTest.C, line 120
--- ESMCI::Array::print start ---
 Base name    = array1
 Status: Base = Ready,  object = Ready
 Proxy        = no
 Root Info (Attributes):
--- ESMCI::Array::print start ---
 Base name    = array1
PASS Initialize data an ESMC_Array object, ESMC_StateUTest.C, line 136
PASS Verify array object name retrieved, ESMC_StateUTest.C, line 128
PASS Initialize data an ESMC_Array object, ESMC_StateUTest.C, line 136
PASS StateDestroy Unit test, ESMC_StateUTest.C, line 193
Ending Test, file ESMC_StateUTest.C, line 200
{}Array typekind/rank: Integer*4 / 2 
~ lower class' values ~
DistGrid dimCount = 2
deCount = 4
localDeCount = 1
~ local data in LocalArray for DE 0 ~
LocalArrayPrint: Array at address 0x7fe82cc15780:
            rank = 2, typekind = 3, base_addr = 0x7fe82cc154d0
            dim[0] = 2  dim[1] = 10  
  Integer, *4, Dim 2, Data values:
( 1, 1) =  0
( 2, 1) =  -1610612736
( 1, 2) =  0
( 2, 2) =  -1610612736
( 1, 3) =  875560976
( 2, 3) =  0
( 1, 4) =  0
( 2, 4) =  327680
( 1, 5) =  1397965136
( 2, 5) =  1701987104
( 1, 6) =  543519841
( 2, 6) =  544743477
( 1, 7) =  1159737393
( 2, 7) =  1598246227
( 1, 8) =  1953720644
( 2, 8) =  1684632135
( 1, 9) =  1784835872
 Status: Base = Ready,  object = Ready
 Proxy        = no
 Root Info (Attributes):
( 2, 9) =  745825125
( 1,10) =  1297302816
( 2,10) =  1951620931
dim 1: [0]: [1 [1 [1, 2] 2] 2]
dim 2: [1]: [1 [1 [1, 10] 10] 10]
--- ESMCI::Array::print end ---
PASS Create ESMC_Array object, ESMC_StateUTest.C, line 112
PASS Print ESMC_Array object, ESMC_StateUTest.C, line 144
PASS Retrieve the name of an ESMC_Array object, ESMC_StateUTest.C, line 120
PASS Verify array object name retrieved, ESMC_StateUTest.C, line 128
PASS Initialize data an ESMC_Array object, ESMC_StateUTest.C, line 136
PASS Print ESMC_Array object, ESMC_StateUTest.C, line 144
{}Array typekind/rank: Integer*4 / 2 
~ lower class' values ~
DistGrid dimCount = 2
deCount = 4
localDeCount = 1
~ local data in LocalArray for DE 1 ~
LocalArrayPrint: Array at address 0x7fbdc5c45400:
            rank = 2, typekind = 3, base_addr = 0x7fbdc5c45150
            dim[0] = 1  dim[1] = 10  
  Integer, *4, Dim 2, Data values:
( 1, 1) =  0
( 1, 2) =  1073741824
( 1, 3) =  0
( 1, 4) =  1073741824
( 1, 5) =  875560976
( 1, 6) =  0
( 1, 7) =  0
( 1, 8) =  327680
( 1, 9) =  1397965136
( 1,10) =  1701987104
dim 1: [0]: [1 [1 [1, 1] 1] 1]
dim 2: [1]: [1 [1 [1, 10] 10] 10]
--- ESMCI::Array::print end ---
--- ESMCI::Array::print start ---
 Base name    = array1
 Status: Base = Ready,  object = Ready
 Proxy        = no
 Root Info (Attributes):
PASS Add an Array to a State object, ESMC_StateUTest.C, line 151
PASS Get an array from a state, based on its name, ESMC_StateUTest.C, line 159
PASS Compare array stored into and array retrieved from a state, ESMC_StateUTest.C, line 167
{}Array typekind/rank: Integer*4 / 2 
~ lower class' values ~
DistGrid dimCount = 2
deCount = 4
localDeCount = 1
~ local data in LocalArray for DE 3 ~
LocalArrayPrint: Array at address 0x7ff7724457e0:
            rank = 2, typekind = 3, base_addr = 0x7ff772445530
            dim[0] = 1  dim[1] = 10  
  Integer, *4, Dim 2, Data values:
( 1, 1) =  0
( 1, 2) =  -1073741824
( 1, 3) =  0
PASS Destroy ESMC_DistGrid object, ESMC_StateUTest.C, line 175
PASS Add an Array to a State object, ESMC_StateUTest.C, line 151
PASS Destroy ESMC_Array object, ESMC_StateUTest.C, line 183
PASS Get an array from a state, based on its name, ESMC_StateUTest.C, line 159
PASS Print ESMC_Array object, ESMC_StateUTest.C, line 144
( 1, 4) =  -1073741824
( 1, 5) =  875560976
( 1, 6) =  0
( 1, 7) =  0
( 1, 8) =  327680
( 1, 9) =  1397965136
( 1,10) =  1701987104
dim 1: [0]: [1 [1 [1, 1] 1] 1]
dim 2: [1]: [1 [1 [1, 10] 10] 10]
--- ESMCI::Array::print end ---
PASS StateDestroy Unit test, ESMC_StateUTest.C, line 193
PASS Compare array stored into and array retrieved from a state, ESMC_StateUTest.C, line 167
PASS Destroy ESMC_DistGrid object, ESMC_StateUTest.C, line 175
Ending Test, file ESMC_StateUTest.C, line 200
PASS Destroy ESMC_Array object, ESMC_StateUTest.C, line 183
PASS StateDestroy Unit test, ESMC_StateUTest.C, line 193
Ending Test, file ESMC_StateUTest.C, line 200
PASS Add an Array to a State object, ESMC_StateUTest.C, line 151
PASS Get an array from a state, based on its name, ESMC_StateUTest.C, line 159
PASS Compare array stored into and array retrieved from a state, ESMC_StateUTest.C, line 167
PASS Destroy ESMC_DistGrid object, ESMC_StateUTest.C, line 175
PASS Destroy ESMC_Array object, ESMC_StateUTest.C, line 183
PASS StateDestroy Unit test, ESMC_StateUTest.C, line 193
Ending Test, file ESMC_StateUTest.C, line 200
 PET 0 Test Elapsed Time  5.065000 msec.
 PET 2 Test Elapsed Time  5.685000 msec.
 PET 3 Test Elapsed Time  5.476000 msec.
 PET 1 Test Elapsed Time  5.646000 msec.
