build time -- 2021-04-27 06:48:20
[1619506580.988437] [h16c15:287189:0]         mxm.c:196  MXM  WARN  The 'ulimit -s' on the system is set to 'unlimited'. This may have negative performance implications. Please set the stack size to the default value (10240) 
[1619506580.992867] [h16c15:287189:0]         mxm.c:196  MXM  WARN  The 'ulimit -s' on the system is set to 'unlimited'. This may have negative performance implications. Please set the stack size to the default value (10240) 
[1619506580.988438] [h16c15:287191:0]         mxm.c:196  MXM  WARN  The 'ulimit -s' on the system is set to 'unlimited'. This may have negative performance implications. Please set the stack size to the default value (10240) 
[1619506580.992920] [h16c15:287191:0]         mxm.c:196  MXM  WARN  The 'ulimit -s' on the system is set to 'unlimited'. This may have negative performance implications. Please set the stack size to the default value (10240) 
[1619506580.988792] [h16c15:287192:0]         mxm.c:196  MXM  WARN  The 'ulimit -s' on the system is set to 'unlimited'. This may have negative performance implications. Please set the stack size to the default value (10240) 
[1619506580.993239] [h16c15:287192:0]         mxm.c:196  MXM  WARN  The 'ulimit -s' on the system is set to 'unlimited'. This may have negative performance implications. Please set the stack size to the default value (10240) 
[1619506580.988747] [h16c15:287190:0]         mxm.c:196  MXM  WARN  The 'ulimit -s' on the system is set to 'unlimited'. This may have negative performance implications. Please set the stack size to the default value (10240) 
[1619506580.993180] [h16c15:287190:0]         mxm.c:196  MXM  WARN  The 'ulimit -s' on the system is set to 'unlimited'. This may have negative performance implications. Please set the stack size to the default value (10240) 
  Beginning Test, file ESMF_VMAllToAllUTest.F90, line 72
  NUMBER_OF_PROCESSORS           4
  Beginning Test, file ESMF_VMAllToAllUTest.F90, line 72
  NUMBER_OF_PROCESSORS           4
  Beginning Test, file ESMF_VMAllToAllUTest.F90, line 72
  NUMBER_OF_PROCESSORS           4
  Beginning Test, file ESMF_VMAllToAllUTest.F90, line 72
  NUMBER_OF_PROCESSORS           4
  PASS  AllToAll Test iarray1 -> iarray2, ESMF_VMAllToAllUTest.F90, line 127
  PASS  AllToAll Test iarray1 -> iarray2, ESMF_VMAllToAllUTest.F90, line 127
  PASS  AllToAll Test iarray1 -> iarray2, ESMF_VMAllToAllUTest.F90, line 127
  PASS  Verify iarray2 data after alltoall, ESMF_VMAllToAllUTest.F90, line 141
  PASS  AllToAll Test iarray1 -> iarray2, ESMF_VMAllToAllUTest.F90, line 127
  PASS  Verify iarray2 data after alltoall, ESMF_VMAllToAllUTest.F90, line 141
  PASS  Verify iarray2 data after alltoall, ESMF_VMAllToAllUTest.F90, line 141
  PASS  Verify iarray2 data after alltoall, ESMF_VMAllToAllUTest.F90, line 141
  PASS  AllToAll Test iarray2 -> iarray3, ESMF_VMAllToAllUTest.F90, line 151
  PASS  AllToAll Test iarray2 -> iarray3, ESMF_VMAllToAllUTest.F90, line 151
  PASS  Verify iarray3 data against iarray1 after alltoallv, ESMF_VMAllToAllUTest.F90, line 165
  PASS  AllToAll Test iarray2 -> iarray3, ESMF_VMAllToAllUTest.F90, line 151
  PASS  Verify iarray3 data against iarray1 after alltoallv, ESMF_VMAllToAllUTest.F90, line 165
  PASS  AllToAll Test iarray2 -> iarray3, ESMF_VMAllToAllUTest.F90, line 151
  PASS  Verify iarray3 data against iarray1 after alltoallv, ESMF_VMAllToAllUTest.F90, line 165
  PASS  Verify iarray3 data against iarray1 after alltoallv, ESMF_VMAllToAllUTest.F90, line 165
  PASS  AllToAll Test r4array1 -> r4array2, ESMF_VMAllToAllUTest.F90, line 177
  PASS  AllToAll Test r4array1 -> r4array2, ESMF_VMAllToAllUTest.F90, line 177
  PASS  AllToAll Test r4array1 -> r4array2, ESMF_VMAllToAllUTest.F90, line 177
  PASS  Verify r4array2 data after alltoall, ESMF_VMAllToAllUTest.F90, line 191
  PASS  Verify r4array2 data after alltoall, ESMF_VMAllToAllUTest.F90, line 191
  PASS  AllToAll Test r4array1 -> r4array2, ESMF_VMAllToAllUTest.F90, line 177
  PASS  Verify r4array2 data after alltoall, ESMF_VMAllToAllUTest.F90, line 191
  PASS  Verify r4array2 data after alltoall, ESMF_VMAllToAllUTest.F90, line 191
  PASS  AllToAll Test r4array2 -> r4array3, ESMF_VMAllToAllUTest.F90, line 201
  PASS  AllToAll Test r4array2 -> r4array3, ESMF_VMAllToAllUTest.F90, line 201
  PASS  Verify r4array3 data against r4array1 after alltoallv, ESMF_VMAllToAllUTest.F90, line 215
  PASS  AllToAll Test r4array2 -> r4array3, ESMF_VMAllToAllUTest.F90, line 201
  PASS  Verify r4array3 data against r4array1 after alltoallv, ESMF_VMAllToAllUTest.F90, line 215
  PASS  AllToAll Test r4array2 -> r4array3, ESMF_VMAllToAllUTest.F90, line 201
  PASS  Verify r4array3 data against r4array1 after alltoallv, ESMF_VMAllToAllUTest.F90, line 215
  PASS  Verify r4array3 data against r4array1 after alltoallv, ESMF_VMAllToAllUTest.F90, line 215
  PASS  AllToAll Test r8array1 -> r8array2, ESMF_VMAllToAllUTest.F90, line 227
  PASS  AllToAll Test r8array1 -> r8array2, ESMF_VMAllToAllUTest.F90, line 227
  PASS  AllToAll Test r8array1 -> r8array2, ESMF_VMAllToAllUTest.F90, line 227
  PASS  Verify r8array2 data after alltoall, ESMF_VMAllToAllUTest.F90, line 241
  PASS  AllToAll Test r8array1 -> r8array2, ESMF_VMAllToAllUTest.F90, line 227
  PASS  Verify r8array2 data after alltoall, ESMF_VMAllToAllUTest.F90, line 241
  PASS  Verify r8array2 data after alltoall, ESMF_VMAllToAllUTest.F90, line 241
  PASS  AllToAll Test r8array2 -> r8array3, ESMF_VMAllToAllUTest.F90, line 251
  PASS  Verify r8array2 data after alltoall, ESMF_VMAllToAllUTest.F90, line 241
  PASS  AllToAll Test r8array2 -> r8array3, ESMF_VMAllToAllUTest.F90, line 251
  PASS  AllToAll Test r8array2 -> r8array3, ESMF_VMAllToAllUTest.F90, line 251
  PASS  Verify r8array3 data against r8array1 after alltoallv, ESMF_VMAllToAllUTest.F90, line 265
  Ending Test, file ESMF_VMAllToAllUTest.F90, line 267
  PASS  Verify r8array3 data against r8array1 after alltoallv, ESMF_VMAllToAllUTest.F90, line 265
  Ending Test, file ESMF_VMAllToAllUTest.F90, line 267
  PASS  Verify r8array3 data against r8array1 after alltoallv, ESMF_VMAllToAllUTest.F90, line 265
  Ending Test, file ESMF_VMAllToAllUTest.F90, line 267
  PASS  AllToAll Test r8array2 -> r8array3, ESMF_VMAllToAllUTest.F90, line 251
  PASS  Verify r8array3 data against r8array1 after alltoallv, ESMF_VMAllToAllUTest.F90, line 265
  Ending Test, file ESMF_VMAllToAllUTest.F90, line 267
  PET           1  Test Elapsed Time    17.395999999999965       msec.
  PET           3  Test Elapsed Time    17.198999999999963       msec.
  PET           0  Test Elapsed Time    17.372000000000000       msec.
  PET           2  Test Elapsed Time    17.297000000000008       msec.
