build time -- 2021-04-25 16:38:07
Beginning Test, file ESMC_FieldSMMFromFileUTest.C, line 41
NUMBER_OF_PROCESSORS 4
Beginning Test, file ESMC_FieldSMMFromFileUTest.C, line 41
NUMBER_OF_PROCESSORS 4
Beginning Test, file ESMC_FieldSMMFromFileUTest.C, line 41
NUMBER_OF_PROCESSORS 4
Beginning Test, file ESMC_FieldSMMFromFileUTest.C, line 41
NUMBER_OF_PROCESSORS 4
PASS ESMC_FieldRegridStoreFile test, ESMC_FieldSMMFromFileUTest.C, line 199
PASS ESMC_FieldRegridStoreFile test, ESMC_FieldSMMFromFileUTest.C, line 199
PASS ESMC_FieldRegridStoreFile test, ESMC_FieldSMMFromFileUTest.C, line 199
PASS ESMC_FieldRegridStoreFile test, ESMC_FieldSMMFromFileUTest.C, line 199
PASS ESMC_FieldSMMStore from File test, ESMC_FieldSMMFromFileUTest.C, line 229
PASS ESMC_FieldSMMStore From File validation, ESMC_FieldSMMFromFileUTest.C, line 257
PASS ESMC_FieldSMMStore from File test, ESMC_FieldSMMFromFileUTest.C, line 229
PASS ESMC_FieldSMMStore From File validation, ESMC_FieldSMMFromFileUTest.C, line 257
PASS ESMC_FieldRegridRelease, ESMC_FieldSMMFromFileUTest.C, line 271
Ending Test, file ESMC_FieldSMMFromFileUTest.C, line 289
PASS ESMC_FieldSMMStore from File test, ESMC_FieldSMMFromFileUTest.C, line 229
PASS ESMC_FieldSMMStore From File validation, ESMC_FieldSMMFromFileUTest.C, line 257
PASS ESMC_FieldRegridRelease, ESMC_FieldSMMFromFileUTest.C, line 271
Ending Test, file ESMC_FieldSMMFromFileUTest.C, line 289
PASS ESMC_FieldSMMStore from File test, ESMC_FieldSMMFromFileUTest.C, line 229
PASS ESMC_FieldSMMStore From File validation, ESMC_FieldSMMFromFileUTest.C, line 257
PASS ESMC_FieldRegridRelease, ESMC_FieldSMMFromFileUTest.C, line 271
Ending Test, file ESMC_FieldSMMFromFileUTest.C, line 289
PASS ESMC_FieldRegridRelease, ESMC_FieldSMMFromFileUTest.C, line 271
Ending Test, file ESMC_FieldSMMFromFileUTest.C, line 289
 PET 1 Test Elapsed Time  21.326000 msec.
 PET 2 Test Elapsed Time  21.717000 msec.
 PET 0 Test Elapsed Time  22.216000 msec.
 PET 3 Test Elapsed Time  21.620000 msec.
