Beginning Test, file ESMC_TestUTest.C, line 32
NUMBER_OF_PROCESSORS 4
Beginning Test, file ESMC_TestUTest.C, line 32
NUMBER_OF_PROCESSORS 4
PASS Use of ESMC_Test(), true, ESMC_TestUTest.C, line 39
PASS Use of ESMC_Test(), true, ESMC_TestUTest.C, line 39
Ending Test, file ESMC_TestUTest.C, line 43
Ending Test, file ESMC_TestUTest.C, line 43
Beginning Test, file ESMC_TestUTest.C, line 32
NUMBER_OF_PROCESSORS 4
Beginning Test, file ESMC_TestUTest.C, line 32
NUMBER_OF_PROCESSORS 4
PASS Use of ESMC_Test(), true, ESMC_TestUTest.C, line 39
PASS Use of ESMC_Test(), true, ESMC_TestUTest.C, line 39
Ending Test, file ESMC_TestUTest.C, line 43
Ending Test, file ESMC_TestUTest.C, line 43
 PET 0 Test Elapsed Time  0.370000 msec.
 PET 3 Test Elapsed Time  0.528000 msec.
 PET 1 Test Elapsed Time  0.624000 msec.
 PET 2 Test Elapsed Time  0.316000 msec.
