  Beginning Test, file ESMF_LocStreamUTest.F90, line 78
  Beginning Test, file ESMF_LocStreamUTest.F90, line 78
  NUMBER_OF_PROCESSORS           4
  Beginning Test, file ESMF_LocStreamUTest.F90, line 78
  NUMBER_OF_PROCESSORS           4
  Beginning Test, file ESMF_LocStreamUTest.F90, line 78
  NUMBER_OF_PROCESSORS           4
  NUMBER_OF_PROCESSORS           4
  PASS  Testing LocStream IsCreated for uncreated object, ESMF_LocStreamUTest.F90, line 99
  PASS  Testing LocStream IsCreated for uncreated object, ESMF_LocStreamUTest.F90, line 99
  PASS  Testing LocStream IsCreated for uncreated object, ESMF_LocStreamUTest.F90, line 107
  PASS  Testing LocStream IsCreated for uncreated object, ESMF_LocStreamUTest.F90, line 99
  PASS  Testing LocStream IsCreated for uncreated object, ESMF_LocStreamUTest.F90, line 107
  PASS  Testing LocStream IsCreated for uncreated object, ESMF_LocStreamUTest.F90, line 107
  PASS  Testing LocStream IsCreated for uncreated object, ESMF_LocStreamUTest.F90, line 99
  PASS  Testing LocStream IsCreated for uncreated object, ESMF_LocStreamUTest.F90, line 107
  PASS  Create test LocStream for IsCreated, ESMF_LocStreamUTest.F90, line 115
  PASS  Create test LocStream for IsCreated, ESMF_LocStreamUTest.F90, line 115
  PASS  Create test LocStream for IsCreated, ESMF_LocStreamUTest.F90, line 115
  PASS  Testing LocStream IsCreated for created object, ESMF_LocStreamUTest.F90, line 123
  PASS  Testing LocStream IsCreated for created object, ESMF_LocStreamUTest.F90, line 123
  PASS  Testing LocStream IsCreated for created object, ESMF_LocStreamUTest.F90, line 123
  PASS  Testing LocStream IsCreated for created object, ESMF_LocStreamUTest.F90, line 131
  PASS  Create test LocStream for IsCreated, ESMF_LocStreamUTest.F90, line 115
  PASS  Testing LocStream IsCreated for created object, ESMF_LocStreamUTest.F90, line 131
  PASS  Testing LocStream IsCreated for created object, ESMF_LocStreamUTest.F90, line 131
  PASS  Destroy test LocStream for IsCreated, ESMF_LocStreamUTest.F90, line 139
  PASS  Testing LocStream IsCreated for created object, ESMF_LocStreamUTest.F90, line 123
  PASS  Destroy test LocStream for IsCreated, ESMF_LocStreamUTest.F90, line 139
  PASS  Destroy test LocStream for IsCreated, ESMF_LocStreamUTest.F90, line 139
  PASS  Testing LocStream IsCreated for destroyed object, ESMF_LocStreamUTest.F90, line 147
  PASS  Testing LocStream IsCreated for created object, ESMF_LocStreamUTest.F90, line 131
  PASS  Testing LocStream IsCreated for destroyed object, ESMF_LocStreamUTest.F90, line 147
  PASS  Testing LocStream IsCreated for destroyed object, ESMF_LocStreamUTest.F90, line 155
  PASS  Testing LocStream IsCreated for destroyed object, ESMF_LocStreamUTest.F90, line 147
  PASS  Destroy test LocStream for IsCreated, ESMF_LocStreamUTest.F90, line 139
  PASS  Testing LocStream IsCreated for destroyed object, ESMF_LocStreamUTest.F90, line 155
  PASS  Testing LocStream IsCreated for destroyed object, ESMF_LocStreamUTest.F90, line 147
  PASS  Testing LocStream IsCreated for destroyed object, ESMF_LocStreamUTest.F90, line 155
  PASS  Testing LocStream IsCreated for destroyed object, ESMF_LocStreamUTest.F90, line 155
  PASS  Testing LocStream Validate, ESMF_LocStreamUTest.F90, line 187
  PASS  Testing LocStream Validate, ESMF_LocStreamUTest.F90, line 187
  PASS  Testing LocStream Validate, ESMF_LocStreamUTest.F90, line 187
  PASS  Test ESMF_LocStreamCreate from Regular distribution, ESMF_LocStreamUTest.F90, line 335
  PASS  Test ESMF_LocStreamCreate from Regular distribution, ESMF_LocStreamUTest.F90, line 335
  PASS  Testing LocStream Validate, ESMF_LocStreamUTest.F90, line 187
  PASS  LocStream equality before assignment Test, ESMF_LocStreamUTest.F90, line 343
  PASS  LocStream equality before assignment Test, ESMF_LocStreamUTest.F90, line 343
  PASS  LocStream assignment and equality Test, ESMF_LocStreamUTest.F90, line 352
  PASS  LocStream assignment and equality Test, ESMF_LocStreamUTest.F90, line 352
  PASS  Test ESMF_LocStreamCreate from Regular distribution, ESMF_LocStreamUTest.F90, line 335
  PASS  LocStreamDestroy Test, ESMF_LocStreamUTest.F90, line 359
  PASS  LocStream equality before assignment Test, ESMF_LocStreamUTest.F90, line 343
  PASS  LocStreamDestroy Test, ESMF_LocStreamUTest.F90, line 359
  PASS  LocStream equality after destroy Test, ESMF_LocStreamUTest.F90, line 367
  PASS  LocStream assignment and equality Test, ESMF_LocStreamUTest.F90, line 352
  PASS  LocStream equality after destroy Test, ESMF_LocStreamUTest.F90, line 367
  PASS  Test ESMF_LocStreamCreate from Regular distribution, ESMF_LocStreamUTest.F90, line 335
  PASS  LocStream non-equality after destroy Test, ESMF_LocStreamUTest.F90, line 375
  PASS  LocStream non-equality after destroy Test, ESMF_LocStreamUTest.F90, line 375
  PASS  LocStreamDestroy Test, ESMF_LocStreamUTest.F90, line 359
  PASS  LocStream equality before assignment Test, ESMF_LocStreamUTest.F90, line 343
  PASS  Double LocStreamDestroy through alias Test, ESMF_LocStreamUTest.F90, line 382
  PASS  LocStream equality after destroy Test, ESMF_LocStreamUTest.F90, line 367
  PASS  Double LocStreamDestroy through alias Test, ESMF_LocStreamUTest.F90, line 382
  PASS  LocStream assignment and equality Test, ESMF_LocStreamUTest.F90, line 352
  PASS  LocStream non-equality after destroy Test, ESMF_LocStreamUTest.F90, line 375
  PASS  Test ESMF_LocStreamCreate from Irregular distribution, ESMF_LocStreamUTest.F90, line 534
  PASS  LocStreamDestroy Test, ESMF_LocStreamUTest.F90, line 359
  PASS  LocStream equality after destroy Test, ESMF_LocStreamUTest.F90, line 367
  PASS  LocStream non-equality after destroy Test, ESMF_LocStreamUTest.F90, line 375
  PASS  Test ESMF_LocStreamCreate from Irregular distribution, ESMF_LocStreamUTest.F90, line 534
  PASS  Double LocStreamDestroy through alias Test, ESMF_LocStreamUTest.F90, line 382
  PASS  Double LocStreamDestroy through alias Test, ESMF_LocStreamUTest.F90, line 382
  PASS  Test ESMF_LocStreamCreate from Irregular distribution, ESMF_LocStreamUTest.F90, line 534
  PASS  Test ESMF_LocStreamCreate from Irregular distribution, ESMF_LocStreamUTest.F90, line 534
  PASS  Testing LocStream Create from localCount and indexflag=ESMF_INDEX_DELOCAL, ESMF_LocStreamUTest.F90, line 571
  PASS  Testing LocStream Create from localCount and indexflag=ESMF_INDEX_DELOCAL, ESMF_LocStreamUTest.F90, line 571
  PASS  Testing LocStream Create from localCount and indexflag=ESMF_INDEX_DELOCAL, ESMF_LocStreamUTest.F90, line 571
  PASS  Testing LocStream Create from localCount and indexflag=ESMF_INDEX_DELOCAL, ESMF_LocStreamUTest.F90, line 571
  PASS  Testing LocStream Create from localCount and indexflag=ESMF_INDEX_GLOBAL, ESMF_LocStreamUTest.F90, line 607
  PASS  Testing LocStream Create from localCount and indexflag=ESMF_INDEX_GLOBAL, ESMF_LocStreamUTest.F90, line 607
  PASS  Testing LocStream Create from localCount and indexflag=ESMF_INDEX_GLOBAL, ESMF_LocStreamUTest.F90, line 607
  PASS  Testing LocStream Create from localCount and indexflag=ESMF_INDEX_GLOBAL, ESMF_LocStreamUTest.F90, line 607
  PASS  Testing LocStream Create defaults and LocStream Get, ESMF_LocStreamUTest.F90, line 650
  PASS  Testing LocStream Create defaults and LocStream Get, ESMF_LocStreamUTest.F90, line 650
  PASS  Testing LocStream Create defaults and LocStream Get, ESMF_LocStreamUTest.F90, line 650
  PASS  Testing LocStream Create defaults and LocStream Get, ESMF_LocStreamUTest.F90, line 650
  PASS  Test keyCount and keyNames response to ESMF_LocStreamAddKey, ESMF_LocStreamUTest.F90, line 706
  PASS  Test keyCount and keyNames response to ESMF_LocStreamAddKey, ESMF_LocStreamUTest.F90, line 706
  PASS  Test keyCount and keyNames response to ESMF_LocStreamAddKey, ESMF_LocStreamUTest.F90, line 706
  PASS  Test keyCount and keyNames response to ESMF_LocStreamAddKey, ESMF_LocStreamUTest.F90, line 706
  PASS  Test ESMF_LocStreamGetKey getting an I4 pointer and bounds, ESMF_LocStreamUTest.F90, line 767
  PASS  Test ESMF_LocStreamGetKey getting an I4 pointer and bounds, ESMF_LocStreamUTest.F90, line 767
  PASS  Test ESMF_LocStreamGetKey getting an I4 pointer and bounds, ESMF_LocStreamUTest.F90, line 767
  PASS  Test ESMF_LocStreamGetKey getting an I4 pointer and bounds, ESMF_LocStreamUTest.F90, line 767
  PASS  Test ESMF_LocStreamGetKey getting an R4 pointer and bounds, ESMF_LocStreamUTest.F90, line 828
  PASS  Test ESMF_LocStreamGetKey getting an R4 pointer and bounds, ESMF_LocStreamUTest.F90, line 828
  PASS  Test ESMF_LocStreamGetKey getting an R4 pointer and bounds, ESMF_LocStreamUTest.F90, line 828
  PASS  Test ESMF_LocStreamGetKey getting an R4 pointer and bounds, ESMF_LocStreamUTest.F90, line 828
  PASS  Test ESMF_LocStreamGetKey getting an R8 pointer and bounds, ESMF_LocStreamUTest.F90, line 890
  PASS  Test ESMF_LocStreamGetKey getting an R8 pointer and bounds, ESMF_LocStreamUTest.F90, line 890
  PASS  Test ESMF_LocStreamGetKey getting an R8 pointer and bounds, ESMF_LocStreamUTest.F90, line 890
  PASS  Test ESMF_LocStreamGetKey getting an R8 pointer and bounds, ESMF_LocStreamUTest.F90, line 890
  PASS  Test getting keyUnits and keyLongName, ESMF_LocStreamUTest.F90, line 934
  PASS  Test getting keyUnits and keyLongName, ESMF_LocStreamUTest.F90, line 934
  PASS  Test getting keyUnits and keyLongName, ESMF_LocStreamUTest.F90, line 934
  PASS  Test getting keyUnits and keyLongName, ESMF_LocStreamUTest.F90, line 934
 ESMF_LocStreamUTest: serialization buffer size =        8720
 ESMF_LocStreamUTest: serialization buffer size =        8720
 ESMF_LocStreamUTest: serialization buffer size =        8720
 ESMF_LocStreamUTest: serialization buffer size =        8720
  PASS  Test LocStream Serialize/Deserialize, ESMF_LocStreamUTest.F90, line 1017
  PASS  Test LocStream Serialize/Deserialize, ESMF_LocStreamUTest.F90, line 1017
  PASS  Test LocStream Serialize/Deserialize, ESMF_LocStreamUTest.F90, line 1017
  PASS  Test LocStream Serialize/Deserialize, ESMF_LocStreamUTest.F90, line 1017
 LocStream Print Starts ====>
 Name =     'LocStream048'
 KeyCount =           2
 Keys:
    A1 - LN1    U1
 LocStream Print Starts ====>
 Name =     'LocStream048'
 KeyCount =           2
 Keys:
    A1 - LN1    U1
     arr(           1 )=   -2.0000000000000000     
     arr(           2 )=   -2.0000000000000000     
     arr(           1 )=    2.6815615859885194E+154
     arr(           2 )=    2.6815615859885194E+154
     arr(           3 )=    6.3659873812949329E-314
 LocStream Print Starts ====>
 Name =     'LocStream048'
 KeyCount =           2
 Keys:
    A1 - LN1    U1
     arr(           3 )=    6.3659873812949329E-314
     arr(           4 )=    6.0134693029269285E-154
     arr(           5 )=    6.0134700169990685E-154
    A2 - LN2    U2
     arr(           4 )=    6.0134693029269285E-154
     arr(           5 )=    6.0134700169990685E-154
    A2 - LN2    U2
 LocStream Print Starts ====>
 Name =     'LocStream048'
 KeyCount =           2
 Keys:
    A1 - LN1    U1
     arr(           1 )=   -2.0000000000000000     
     arr(           2 )=   -2.0000000000000000     
     arr(           3 )=    6.0134700169882324E-154
     arr(           4 )=    6.0134700169990685E-154
     arr(           5 )=    6.0134700169990685E-154
 LocStream Print Ends   ====>
     arr(           1 )=    2.6815615859885194E+154
     arr(           2 )=    2.6815615859885194E+154
     arr(           3 )=    6.0134700169882324E-154
     arr(           4 )=    6.0134700169990685E-154
     arr(           5 )=    6.0134700169990685E-154
 LocStream Print Ends   ====>
     arr(           1 )=   -1.2882297539194267E-231
     arr(           2 )=    1.4945734559421778E-154
     arr(           3 )=   -1.2882297539194275E-231
     arr(           4 )=    2.7813423231340017E-309
     arr(           5 )=   -1.2882297539194278E-231
    A2 - LN2    U2
  PASS  Test Print, ESMF_LocStreamUTest.F90, line 1050
  PASS  Test Print, ESMF_LocStreamUTest.F90, line 1050
     arr(           1 )=   -1.2882297539194267E-231
     arr(           2 )=   -1.2882297539194267E-231
     arr(           1 )=    3.1050361846014179E+231
     arr(           2 )=    3.1050361846014179E+231
     arr(           3 )=    2.9643938750474793E-323
     arr(           4 )=    0.0000000000000000     
     arr(           5 )=    0.0000000000000000     
 LocStream Print Ends   ====>
     arr(           3 )=    4.4465908125712189E-323
     arr(           4 )=    1.2516040454103008E-308
     arr(           5 )=    6.3659873743780139E-314
    A2 - LN2    U2
  PASS  Test ESMF_LocStreamCreate from Regular distribution, ESMF_LocStreamUTest.F90, line 1202
  PASS  Test ESMF_LocStreamCreate from Regular distribution, ESMF_LocStreamUTest.F90, line 1202
  PASS  Test Print, ESMF_LocStreamUTest.F90, line 1050
  PASS  Test ESMF_LocStreamCreate from Irregular distribution, ESMF_LocStreamUTest.F90, line 1355
  PASS  Test ESMF_LocStreamCreate from Irregular distribution, ESMF_LocStreamUTest.F90, line 1355
  PASS  Test ESMF_LocStreamCreate from Regular distribution, ESMF_LocStreamUTest.F90, line 1202
     arr(           1 )=    3.1050361846014179E+231
     arr(           2 )=    3.1050361846014179E+231
     arr(           3 )=    1.4280063736197803E+248
     arr(           4 )=    9.4492076488788494E+170
     arr(           5 )=    2.1219957914593380E-314
 LocStream Print Ends   ====>
  PASS  Test Print, ESMF_LocStreamUTest.F90, line 1050
  PASS  Test ESMF_LocStreamCreate from Irregular distribution, ESMF_LocStreamUTest.F90, line 1355
  PASS  Test ESMF_LocStreamCreate from Regular distribution, ESMF_LocStreamUTest.F90, line 1202
  PASS  Test ESMF_LocStreamCreate from Irregular distribution, ESMF_LocStreamUTest.F90, line 1355
  PASS  Test ESMF_LocStream Create From Background Mesh, ESMF_LocStreamUTest.F90, line 1667
  PASS  Test ESMF_LocStream Create From Background Mesh, ESMF_LocStreamUTest.F90, line 1667
  PASS  Test ESMF_LocStream Create From Background Mesh, ESMF_LocStreamUTest.F90, line 1667
  PASS  Test ESMF_LocStream Create From Background Mesh, ESMF_LocStreamUTest.F90, line 1667
  PASS  Test ESMF_LocStream Create From Background Grid, ESMF_LocStreamUTest.F90, line 1683
  PASS  Test ESMF_LocStream Create From Background Grid, ESMF_LocStreamUTest.F90, line 1683
  PASS  Test ESMF_LocStream Create From Background Grid, ESMF_LocStreamUTest.F90, line 1683
  PASS  Test ESMF_LocStream Create From Background Grid, ESMF_LocStreamUTest.F90, line 1683
  PASS  Test ESMF_LocStream Create From Background Grid non-default Align, ESMF_LocStreamUTest.F90, line 1698
  PASS  Test ESMF_LocStream Create From Background Grid non-default Align, ESMF_LocStreamUTest.F90, line 1698
  PASS  Test ESMF_LocStream Create From Background Grid non-default Align, ESMF_LocStreamUTest.F90, line 1698
  PASS  Test ESMF_LocStream Create From Background Grid non-default Align, ESMF_LocStreamUTest.F90, line 1698
  PASS  Test ESMF_LocStream Create From Background Grid on Sphere, ESMF_LocStreamUTest.F90, line 1714
  PASS  Test ESMF_LocStream Create From Background Grid on Sphere, ESMF_LocStreamUTest.F90, line 1714
  Ending Test, file ESMF_LocStreamUTest.F90, line 1724
  Ending Test, file ESMF_LocStreamUTest.F90, line 1724
  PASS  Test ESMF_LocStream Create From Background Grid on Sphere, ESMF_LocStreamUTest.F90, line 1714
  PASS  Test ESMF_LocStream Create From Background Grid on Sphere, ESMF_LocStreamUTest.F90, line 1714
  Ending Test, file ESMF_LocStreamUTest.F90, line 1724
  Ending Test, file ESMF_LocStreamUTest.F90, line 1724
  PET           1  Test Elapsed Time    65.136999999999986       msec.
  PET           2  Test Elapsed Time    64.930999999999983       msec.
  PET           0  Test Elapsed Time    64.144999999999996       msec.
  PET           3  Test Elapsed Time    65.311000000000007       msec.
