 -------------------------------- 
 Start of System Test FieldRegrid:
 -------------------------------- 
 -------------------------------- 
 Start of System Test FieldRegrid:
 -------------------------------- 
 -------------------------------- 
 Start of System Test FieldRegrid:
 -------------------------------- 
 -------------------------------- 
 Start of System Test FieldRegrid:
 -------------------------------- 
 -------------------------------- 
 Start of System Test FieldRegrid:
 -------------------------------- 
 -------------------------------- 
 Start of System Test FieldRegrid:
 -------------------------------- 
forrtl: severe (174): SIGSEGV, segmentation fault occurred
Image              PC                Routine            Line        Source             
ESMF_FieldRegridD  000000010BB59D44  Unknown               Unknown  Unknown
libsystem_platfor  00007FFF6A61FB5D  Unknown               Unknown  Unknown
libmpi.40.dylib    000000010BF532A1  Unknown               Unknown  Unknown
libesmf.dylib      000000010D184178  Unknown               Unknown  Unknown
libesmf.dylib      000000010D163739  Unknown               Unknown  Unknown
libesmf.dylib      000000010D1AE94C  Unknown               Unknown  Unknown
libesmf.dylib      000000010E37945C  Unknown               Unknown  Unknown
libesmf.dylib      000000010DF7E99E  Unknown               Unknown  Unknown
libesmf.dylib      000000010DF7E10F  Unknown               Unknown  Unknown
ESMF_FieldRegridD  000000010BB2FD17  _MAIN__                    86  ESMF_FieldRegridDisjointSTest.F90
ESMF_FieldRegridD  000000010BB25AEE  Unknown               Unknown  Unknown
forrtl: severe (174): SIGSEGV, segmentation fault occurred
Image              PC                Routine            Line        Source             
ESMF_FieldRegridD  000000010D616D44  Unknown               Unknown  Unknown
libsystem_platfor  00007FFF6A61FB5D  Unknown               Unknown  Unknown
libmpi.40.dylib    000000010DA102A1  Unknown               Unknown  Unknown
libesmf.dylib      0000000110D6A178  Unknown               Unknown  Unknown
libesmf.dylib      0000000110D49739  Unknown               Unknown  Unknown
libesmf.dylib      0000000110D9494C  Unknown               Unknown  Unknown
libesmf.dylib      0000000111F5F45C  Unknown               Unknown  Unknown
libesmf.dylib      0000000111B6499E  Unknown               Unknown  Unknown
libesmf.dylib      0000000111B6410F  Unknown               Unknown  Unknown
ESMF_FieldRegridD  000000010D5ECD17  _MAIN__                    86  ESMF_FieldRegridDisjointSTest.F90
ESMF_FieldRegridD  000000010D5E2AEE  Unknown               Unknown  Unknown
forrtl: severe (174): SIGSEGV, segmentation fault occurred
Image              PC                Routine            Line        Source             
ESMF_FieldRegridD  0000000103253D44  Unknown               Unknown  Unknown
libsystem_platfor  00007FFF6A61FB5D  Unknown               Unknown  Unknown
libmpi.40.dylib    00000001079802A1  Unknown               Unknown  Unknown
libesmf.dylib      0000000104083178  Unknown               Unknown  Unknown
libesmf.dylib      0000000104062739  Unknown               Unknown  Unknown
libesmf.dylib      00000001040AD94C  Unknown               Unknown  Unknown
libesmf.dylib      000000010527845C  Unknown               Unknown  Unknown
libesmf.dylib      0000000104E7D99E  Unknown               Unknown  Unknown
libesmf.dylib      0000000104E7D10F  Unknown               Unknown  Unknown
ESMF_FieldRegridD  0000000103229D17  _MAIN__                    86  ESMF_FieldRegridDisjointSTest.F90
ESMF_FieldRegridD  000000010321FAEE  Unknown               Unknown  Unknown
forrtl: severe (174): SIGSEGV, segmentation fault occurred
Image              PC                Routine            Line        Source             
ESMF_FieldRegridD  00000001098A0D44  Unknown               Unknown  Unknown
libsystem_platfor  00007FFF6A61FB5D  Unknown               Unknown  Unknown
libmpi.40.dylib    000000010DFC82A1  Unknown               Unknown  Unknown
libesmf.dylib      000000010A6CC178  Unknown               Unknown  Unknown
libesmf.dylib      000000010A6AB739  Unknown               Unknown  Unknown
libesmf.dylib      000000010A6F694C  Unknown               Unknown  Unknown
libesmf.dylib      000000010B8C145C  Unknown               Unknown  Unknown
libesmf.dylib      000000010B4C699E  Unknown               Unknown  Unknown
libesmf.dylib      000000010B4C610F  Unknown               Unknown  Unknown
ESMF_FieldRegridD  0000000109876D17  _MAIN__                    86  ESMF_FieldRegridDisjointSTest.F90
ESMF_FieldRegridD  000000010986CAEE  Unknown               Unknown  Unknown
forrtl: severe (174): SIGSEGV, segmentation fault occurred
Image              PC                Routine            Line        Source             
ESMF_FieldRegridD  0000000103844D44  Unknown               Unknown  Unknown
libsystem_platfor  00007FFF6A61FB5D  Unknown               Unknown  Unknown
libmpi.40.dylib    0000000107F6E2A1  Unknown               Unknown  Unknown
libesmf.dylib      0000000104672178  Unknown               Unknown  Unknown
libesmf.dylib      0000000104651739  Unknown               Unknown  Unknown
libesmf.dylib      000000010469C94C  Unknown               Unknown  Unknown
libesmf.dylib      000000010586745C  Unknown               Unknown  Unknown
libesmf.dylib      000000010546C99E  Unknown               Unknown  Unknown
libesmf.dylib      000000010546C10F  Unknown               Unknown  Unknown
ESMF_FieldRegridD  000000010381AD17  _MAIN__                    86  ESMF_FieldRegridDisjointSTest.F90
ESMF_FieldRegridD  0000000103810AEE  Unknown               Unknown  Unknown
forrtl: severe (174): SIGSEGV, segmentation fault occurred
Image              PC                Routine            Line        Source             
ESMF_FieldRegridD  000000010996AD44  Unknown               Unknown  Unknown
libsystem_platfor  00007FFF6A61FB5D  Unknown               Unknown  Unknown
libmpi.40.dylib    000000010E0952A1  Unknown               Unknown  Unknown
libesmf.dylib      000000010A799178  Unknown               Unknown  Unknown
libesmf.dylib      000000010A778739  Unknown               Unknown  Unknown
libesmf.dylib      000000010A7C394C  Unknown               Unknown  Unknown
libesmf.dylib      000000010B98E45C  Unknown               Unknown  Unknown
libesmf.dylib      000000010B59399E  Unknown               Unknown  Unknown
libesmf.dylib      000000010B59310F  Unknown               Unknown  Unknown
ESMF_FieldRegridD  0000000109940D17  _MAIN__                    86  ESMF_FieldRegridDisjointSTest.F90
ESMF_FieldRegridD  0000000109936AEE  Unknown               Unknown  Unknown
