forrtl: severe (174): SIGSEGV, segmentation fault occurred
Image              PC                Routine            Line        Source             
ESMF_VMBarrierUTe  000000010A9EEE54  Unknown               Unknown  Unknown
libsystem_platfor  00007FFF6A61FB5D  Unknown               Unknown  Unknown
libmpi.40.dylib    000000010F1052A1  Unknown               Unknown  Unknown
libesmf.dylib      000000010B811178  Unknown               Unknown  Unknown
libesmf.dylib      000000010B7F0739  Unknown               Unknown  Unknown
libesmf.dylib      000000010B83B94C  Unknown               Unknown  Unknown
libesmf.dylib      000000010CA0645C  Unknown               Unknown  Unknown
libesmf.dylib      000000010C60B99E  Unknown               Unknown  Unknown
libesmf.dylib      000000010C60B10F  Unknown               Unknown  Unknown
libesmf.dylib      000000010C942314  Unknown               Unknown  Unknown
ESMF_VMBarrierUTe  000000010A9C8977  _MAIN__                    66  ESMF_VMBarrierUTest.F90
ESMF_VMBarrierUTe  000000010A9C88BE  Unknown               Unknown  Unknown
forrtl: severe (174): SIGSEGV, segmentation fault occurred
Image              PC                Routine            Line        Source             
ESMF_VMBarrierUTe  000000010F687E54  Unknown               Unknown  Unknown
libsystem_platfor  00007FFF6A61FB5D  Unknown               Unknown  Unknown
libmpi.40.dylib    0000000113DAB2A1  Unknown               Unknown  Unknown
libesmf.dylib      00000001104AB178  Unknown               Unknown  Unknown
libesmf.dylib      000000011048A739  Unknown               Unknown  Unknown
libesmf.dylib      00000001104D594C  Unknown               Unknown  Unknown
libesmf.dylib      00000001116A045C  Unknown               Unknown  Unknown
libesmf.dylib      00000001112A599E  Unknown               Unknown  Unknown
libesmf.dylib      00000001112A510F  Unknown               Unknown  Unknown
libesmf.dylib      00000001115DC314  Unknown               Unknown  Unknown
ESMF_VMBarrierUTe  000000010F661977  _MAIN__                    66  ESMF_VMBarrierUTest.F90
ESMF_VMBarrierUTe  000000010F6618BE  Unknown               Unknown  Unknown
forrtl: severe (174): SIGSEGV, segmentation fault occurred
Image              PC                Routine            Line        Source             
ESMF_VMBarrierUTe  0000000109BC6E54  Unknown               Unknown  Unknown
libsystem_platfor  00007FFF6A61FB5D  Unknown               Unknown  Unknown
libmpi.40.dylib    000000010E2E32A1  Unknown               Unknown  Unknown
libesmf.dylib      000000010A9E9178  Unknown               Unknown  Unknown
libesmf.dylib      000000010A9C8739  Unknown               Unknown  Unknown
libesmf.dylib      000000010AA1394C  Unknown               Unknown  Unknown
libesmf.dylib      000000010BBDE45C  Unknown               Unknown  Unknown
libesmf.dylib      000000010B7E399E  Unknown               Unknown  Unknown
libesmf.dylib      000000010B7E310F  Unknown               Unknown  Unknown
libesmf.dylib      000000010BB1A314  Unknown               Unknown  Unknown
ESMF_VMBarrierUTe  0000000109BA0977  _MAIN__                    66  ESMF_VMBarrierUTest.F90
ESMF_VMBarrierUTe  0000000109BA08BE  Unknown               Unknown  Unknown
forrtl: severe (174): SIGSEGV, segmentation fault occurred
Image              PC                Routine            Line        Source             
ESMF_VMBarrierUTe  0000000108071E54  Unknown               Unknown  Unknown
libsystem_platfor  00007FFF6A61FB5D  Unknown               Unknown  Unknown
libmpi.40.dylib    000000010C78B2A1  Unknown               Unknown  Unknown
libesmf.dylib      0000000108E8F178  Unknown               Unknown  Unknown
libesmf.dylib      0000000108E6E739  Unknown               Unknown  Unknown
libesmf.dylib      0000000108EB994C  Unknown               Unknown  Unknown
libesmf.dylib      000000010A08445C  Unknown               Unknown  Unknown
libesmf.dylib      0000000109C8999E  Unknown               Unknown  Unknown
libesmf.dylib      0000000109C8910F  Unknown               Unknown  Unknown
libesmf.dylib      0000000109FC0314  Unknown               Unknown  Unknown
ESMF_VMBarrierUTe  000000010804B977  _MAIN__                    66  ESMF_VMBarrierUTest.F90
ESMF_VMBarrierUTe  000000010804B8BE  Unknown               Unknown  Unknown
