build time -- 2021-04-20 11:40:00.694307
Name: gridcomp	  Convention: customconvention2	  Purpose: custompurpose2	


