build time -- 2021-04-20 15:20:22.878788
  Beginning Test, file ESMF_AttributeUpdateUTest.F90, line 593
  NUMBER_OF_PROCESSORS           4
  PASS  Getting an updated Attribute value from a Field test, ESMF_AttributeUpdateUTest.F90, line 684
  PASS  Getting an updated Attribute package Attribute value from a Field test, ESMF_AttributeUpdateUTest.F90, line 695
  PASS  Getting an updated Attribute package Attribute value from Field test, ESMF_AttributeUpdateUTest.F90, line 704
  PASS  Getting an updated deleted Attribute value from a Field test, ESMF_AttributeUpdateUTest.F90, line 712
  PASS  Getting a lone Attribute from a Field test: value = Lone Attribute, ESMF_AttributeUpdateUTest.F90, line 719
  Ending Test, file ESMF_AttributeUpdateUTest.F90, line 744
  PET           0  Test Elapsed Time    5.5829999999999993       msec.
  Beginning Test, file ESMF_AttributeUpdateUTest.F90, line 593
  NUMBER_OF_PROCESSORS           4
  PASS  Getting an updated Attribute value from a Field test, ESMF_AttributeUpdateUTest.F90, line 684
  PASS  Getting an updated Attribute package Attribute value from a Field test, ESMF_AttributeUpdateUTest.F90, line 695
  PASS  Getting an updated Attribute package Attribute value from Field test, ESMF_AttributeUpdateUTest.F90, line 704
  PASS  Getting an updated deleted Attribute value from a Field test, ESMF_AttributeUpdateUTest.F90, line 712
  PASS  Getting a lone Attribute from a Field test: value = Lone Attribute, ESMF_AttributeUpdateUTest.F90, line 719
  Ending Test, file ESMF_AttributeUpdateUTest.F90, line 744
  PET           1  Test Elapsed Time    5.5360000000000005       msec.
  Beginning Test, file ESMF_AttributeUpdateUTest.F90, line 593
  NUMBER_OF_PROCESSORS           4
  PASS  Getting an updated Attribute value from a Field test, ESMF_AttributeUpdateUTest.F90, line 684
  PASS  Getting an updated Attribute package Attribute value from a Field test, ESMF_AttributeUpdateUTest.F90, line 695
  PASS  Getting an updated Attribute package Attribute value from Field test, ESMF_AttributeUpdateUTest.F90, line 704
  PASS  Getting an updated deleted Attribute value from a Field test, ESMF_AttributeUpdateUTest.F90, line 712
  PASS  Getting a lone Attribute from a Field test: value = Lone Attribute, ESMF_AttributeUpdateUTest.F90, line 719
  Ending Test, file ESMF_AttributeUpdateUTest.F90, line 744
  PET           2  Test Elapsed Time    5.6049999999999986       msec.
  Beginning Test, file ESMF_AttributeUpdateUTest.F90, line 593
  NUMBER_OF_PROCESSORS           4
  PASS  Getting an updated Attribute value from a Field test, ESMF_AttributeUpdateUTest.F90, line 684
  PASS  Getting an updated Attribute package Attribute value from a Field test, ESMF_AttributeUpdateUTest.F90, line 695
  PASS  Getting an updated Attribute package Attribute value from Field test, ESMF_AttributeUpdateUTest.F90, line 704
  PASS  Getting an updated deleted Attribute value from a Field test, ESMF_AttributeUpdateUTest.F90, line 712
  PASS  Getting a lone Attribute from a Field test: value = Lone Attribute, ESMF_AttributeUpdateUTest.F90, line 719
  Ending Test, file ESMF_AttributeUpdateUTest.F90, line 744
  PET           3  Test Elapsed Time    5.5459999999999994       msec.
