forrtl: severe (174): SIGSEGV, segmentation fault occurred
Image              PC                Routine            Line        Source             
ESMF_AttributeDis  000000010FAB9944  for__signal_handl     Unknown  Unknown
libsystem_platfor  00007FFF6A61FB5D  _sigtramp             Unknown  Unknown
libmpi.40.dylib    00000001123082A1  MPI_Comm_rank         Unknown  Unknown
libesmf.dylib      000000011066DCD3  _ZN5ESMCI3VMK4ini     Unknown  Unknown
libesmf.dylib      000000011064C051  _ZN5ESMCI2VM10ini     Unknown  Unknown
libesmf.dylib      00000001106774D3  c_esmc_vminitiali     Unknown  Unknown
libesmf.dylib      0000000110E56360  esmf_vmmod_mp_esm     Unknown  Unknown
libesmf.dylib      0000000110CEC1DB  esmf_initmod_mp_e     Unknown  Unknown
libesmf.dylib      0000000110E19E00  esmf_testmod_mp_e     Unknown  Unknown
ESMF_AttributeDis  000000010FA868DB  MAIN__                Unknown  Unknown
ESMF_AttributeDis  000000010FA8682E  main                  Unknown  Unknown
forrtl: severe (174): SIGSEGV, segmentation fault occurred
Image              PC                Routine            Line        Source             
ESMF_AttributeDis  0000000107B27944  for__signal_handl     Unknown  Unknown
libsystem_platfor  00007FFF6A61FB5D  _sigtramp             Unknown  Unknown
libmpi.40.dylib    000000010A37B2A1  MPI_Comm_rank         Unknown  Unknown
libesmf.dylib      00000001086D9CD3  _ZN5ESMCI3VMK4ini     Unknown  Unknown
libesmf.dylib      00000001086B8051  _ZN5ESMCI2VM10ini     Unknown  Unknown
libesmf.dylib      00000001086E34D3  c_esmc_vminitiali     Unknown  Unknown
libesmf.dylib      0000000108EC2360  esmf_vmmod_mp_esm     Unknown  Unknown
libesmf.dylib      0000000108D581DB  esmf_initmod_mp_e     Unknown  Unknown
libesmf.dylib      0000000108E85E00  esmf_testmod_mp_e     Unknown  Unknown
ESMF_AttributeDis  0000000107AF48DB  MAIN__                Unknown  Unknown
ESMF_AttributeDis  0000000107AF482E  main                  Unknown  Unknown
forrtl: severe (174): SIGSEGV, segmentation fault occurred
Image              PC                Routine            Line        Source             
ESMF_AttributeDis  0000000101B0A944  for__signal_handl     Unknown  Unknown
libsystem_platfor  00007FFF6A61FB5D  _sigtramp             Unknown  Unknown
libmpi.40.dylib    000000010435F2A1  MPI_Comm_rank         Unknown  Unknown
libesmf.dylib      00000001026C1CD3  _ZN5ESMCI3VMK4ini     Unknown  Unknown
libesmf.dylib      00000001026A0051  _ZN5ESMCI2VM10ini     Unknown  Unknown
libesmf.dylib      00000001026CB4D3  c_esmc_vminitiali     Unknown  Unknown
libesmf.dylib      0000000102EAA360  esmf_vmmod_mp_esm     Unknown  Unknown
libesmf.dylib      0000000102D401DB  esmf_initmod_mp_e     Unknown  Unknown
libesmf.dylib      0000000102E6DE00  esmf_testmod_mp_e     Unknown  Unknown
ESMF_AttributeDis  0000000101AD78DB  MAIN__                Unknown  Unknown
ESMF_AttributeDis  0000000101AD782E  main                  Unknown  Unknown
forrtl: severe (174): SIGSEGV, segmentation fault occurred
Image              PC                Routine            Line        Source             
ESMF_AttributeDis  0000000100E73944  for__signal_handl     Unknown  Unknown
libsystem_platfor  00007FFF6A61FB5D  _sigtramp             Unknown  Unknown
libmpi.40.dylib    00000001036C82A1  MPI_Comm_rank         Unknown  Unknown
libesmf.dylib      0000000101A26CD3  _ZN5ESMCI3VMK4ini     Unknown  Unknown
libesmf.dylib      0000000101A05051  _ZN5ESMCI2VM10ini     Unknown  Unknown
libesmf.dylib      0000000101A304D3  c_esmc_vminitiali     Unknown  Unknown
libesmf.dylib      000000010220F360  esmf_vmmod_mp_esm     Unknown  Unknown
libesmf.dylib      00000001020A51DB  esmf_initmod_mp_e     Unknown  Unknown
libesmf.dylib      00000001021D2E00  esmf_testmod_mp_e     Unknown  Unknown
ESMF_AttributeDis  0000000100E408DB  MAIN__                Unknown  Unknown
ESMF_AttributeDis  0000000100E4082E  main                  Unknown  Unknown
