Beginning Test, file ESMC_TestUTest.C, line 32
NUMBER_OF_PROCESSORS 4
PASS Use of ESMC_Test(), true, ESMC_TestUTest.C, line 39
Ending Test, file ESMC_TestUTest.C, line 43
Beginning Test, file ESMC_TestUTest.C, line 32
NUMBER_OF_PROCESSORS 4
PASS Use of ESMC_Test(), true, ESMC_TestUTest.C, line 39
Ending Test, file ESMC_TestUTest.C, line 43
Beginning Test, file ESMC_TestUTest.C, line 32
NUMBER_OF_PROCESSORS 4
PASS Use of ESMC_Test(), true, ESMC_TestUTest.C, line 39
Ending Test, file ESMC_TestUTest.C, line 43
Beginning Test, file ESMC_TestUTest.C, line 32
NUMBER_OF_PROCESSORS 4
PASS Use of ESMC_Test(), true, ESMC_TestUTest.C, line 39
Ending Test, file ESMC_TestUTest.C, line 43
 PET 1 Test Elapsed Time  64.250000 msec.
 PET 3 Test Elapsed Time  64.244000 msec.
 PET 2 Test Elapsed Time  64.952000 msec.
 PET 0 Test Elapsed Time  42.085000 msec.
