build time -- 2021-04-21 13:17:21
[1619011786.596124] [h8c41:182076:0]         mxm.c:196  MXM  WARN  The 'ulimit -s' on the system is set to 'unlimited'. This may have negative performance implications. Please set the stack size to the default value (10240) 
[1619011786.596137] [h8c41:182073:0]         mxm.c:196  MXM  WARN  The 'ulimit -s' on the system is set to 'unlimited'. This may have negative performance implications. Please set the stack size to the default value (10240) 
[1619011786.596165] [h8c41:182075:0]         mxm.c:196  MXM  WARN  The 'ulimit -s' on the system is set to 'unlimited'. This may have negative performance implications. Please set the stack size to the default value (10240) 
[1619011786.596173] [h8c41:182077:0]         mxm.c:196  MXM  WARN  The 'ulimit -s' on the system is set to 'unlimited'. This may have negative performance implications. Please set the stack size to the default value (10240) 
[1619011786.597976] [h8c41:182074:0]         mxm.c:196  MXM  WARN  The 'ulimit -s' on the system is set to 'unlimited'. This may have negative performance implications. Please set the stack size to the default value (10240) 
[1619011786.600671] [h8c41:182076:0]         mxm.c:196  MXM  WARN  The 'ulimit -s' on the system is set to 'unlimited'. This may have negative performance implications. Please set the stack size to the default value (10240) 
[1619011786.600818] [h8c41:182075:0]         mxm.c:196  MXM  WARN  The 'ulimit -s' on the system is set to 'unlimited'. This may have negative performance implications. Please set the stack size to the default value (10240) 
[1619011786.600834] [h8c41:182073:0]         mxm.c:196  MXM  WARN  The 'ulimit -s' on the system is set to 'unlimited'. This may have negative performance implications. Please set the stack size to the default value (10240) 
[1619011786.601051] [h8c41:182077:0]         mxm.c:196  MXM  WARN  The 'ulimit -s' on the system is set to 'unlimited'. This may have negative performance implications. Please set the stack size to the default value (10240) 
[1619011786.602477] [h8c41:182078:0]         mxm.c:196  MXM  WARN  The 'ulimit -s' on the system is set to 'unlimited'. This may have negative performance implications. Please set the stack size to the default value (10240) 
[1619011786.603559] [h8c41:182074:0]         mxm.c:196  MXM  WARN  The 'ulimit -s' on the system is set to 'unlimited'. This may have negative performance implications. Please set the stack size to the default value (10240) 
[1619011786.608078] [h8c41:182078:0]         mxm.c:196  MXM  WARN  The 'ulimit -s' on the system is set to 'unlimited'. This may have negative performance implications. Please set the stack size to the default value (10240) 
Beginning Test, file ESMC_MeshVTKUTest.C, line 63
NUMBER_OF_PROCESSORS 6
Beginning Test, file ESMC_MeshVTKUTest.C, line 63
NUMBER_OF_PROCESSORS 6
Beginning Test, file ESMC_MeshVTKUTest.C, line 63
NUMBER_OF_PROCESSORS 6
Beginning Test, file ESMC_MeshVTKUTest.C, line 63
NUMBER_OF_PROCESSORS 6
PASS MeshCreate, ESMC_MeshVTKUTest.C, line 80
PASS MeshCreate, ESMC_MeshVTKUTest.C, line 80
Beginning Test, file ESMC_MeshVTKUTest.C, line 63
NUMBER_OF_PROCESSORS 6
PASS MeshCreate, ESMC_MeshVTKUTest.C, line 80
PASS MeshCreate, ESMC_MeshVTKUTest.C, line 80
Beginning Test, file ESMC_MeshVTKUTest.C, line 63
NUMBER_OF_PROCESSORS 6
PASS MeshCreate, ESMC_MeshVTKUTest.C, line 80
PASS MeshCreate, ESMC_MeshVTKUTest.C, line 80
PASS MeshVTKHeader, ESMC_MeshVTKUTest.C, line 89
PASS MeshVTKHeader, ESMC_MeshVTKUTest.C, line 89
PASS MeshVTKHeader, ESMC_MeshVTKUTest.C, line 89
PASS MeshVTKHeader, ESMC_MeshVTKUTest.C, line 89
PASS MeshVTKHeader, ESMC_MeshVTKUTest.C, line 89
PASS MeshVTKHeader, ESMC_MeshVTKUTest.C, line 89
PASS MeshVTKHeader, ESMC_MeshVTKUTest.C, line 110
PASS MeshVTKHeader, ESMC_MeshVTKUTest.C, line 110
PASS MeshVTKHeader, ESMC_MeshVTKUTest.C, line 110
PASS MeshVTKHeader, ESMC_MeshVTKUTest.C, line 110
PASS MeshVTKHeader, ESMC_MeshVTKUTest.C, line 110
PASS MeshVTKHeader, ESMC_MeshVTKUTest.C, line 110
PASS MeshVTKBody, ESMC_MeshVTKUTest.C, line 129
PASS MeshVTKBody, ESMC_MeshVTKUTest.C, line 129
PASS MeshGetLocalNodeCount before MeshAddNodes, ESMC_MeshVTKUTest.C, line 163
PASS MeshGetLocalNodeCount before MeshAddNodes, ESMC_MeshVTKUTest.C, line 163
PASS MeshVTKBody, ESMC_MeshVTKUTest.C, line 129
PASS MeshVTKBody, ESMC_MeshVTKUTest.C, line 129
PASS MeshGetLocalNodeCount before MeshAddNodes, ESMC_MeshVTKUTest.C, line 163
PASS MeshGetLocalNodeCount before MeshAddNodes, ESMC_MeshVTKUTest.C, line 163
PASS MeshVTKBody, ESMC_MeshVTKUTest.C, line 129
PASS MeshGetLocalNodeCount before MeshAddNodes, ESMC_MeshVTKUTest.C, line 163
PASS MeshVTKBody, ESMC_MeshVTKUTest.C, line 129
PASS MeshGetLocalNodeCount before MeshAddNodes, ESMC_MeshVTKUTest.C, line 163
PASS MeshAddNodes, ESMC_MeshVTKUTest.C, line 172
PASS MeshAddNodes, ESMC_MeshVTKUTest.C, line 172
PASS MeshAddNodes, ESMC_MeshVTKUTest.C, line 172
PASS MeshGetLocalNodeCount, ESMC_MeshVTKUTest.C, line 192
PASS MeshGetLocalNodeCount, ESMC_MeshVTKUTest.C, line 192
PASS MeshGetLocalNodeCount, ESMC_MeshVTKUTest.C, line 192
PASS MeshAddNodes, ESMC_MeshVTKUTest.C, line 172
PASS MeshGetLocalElementCount before MeshAddElements, ESMC_MeshVTKUTest.C, line 206
PASS MeshGetLocalElementCount before MeshAddElements, ESMC_MeshVTKUTest.C, line 206
PASS MeshGetLocalElementCount before MeshAddElements, ESMC_MeshVTKUTest.C, line 206
PASS MeshGetLocalNodeCount, ESMC_MeshVTKUTest.C, line 192
PASS MeshAddNodes, ESMC_MeshVTKUTest.C, line 172
PASS MeshGetLocalElementCount before MeshAddElements, ESMC_MeshVTKUTest.C, line 206
PASS MeshGetLocalNodeCount, ESMC_MeshVTKUTest.C, line 192
PASS MeshGetLocalElementCount before MeshAddElements, ESMC_MeshVTKUTest.C, line 206
PASS MeshAddNodes, ESMC_MeshVTKUTest.C, line 172
PASS MeshGetLocalNodeCount, ESMC_MeshVTKUTest.C, line 192
PASS MeshGetLocalElementCount before MeshAddElements, ESMC_MeshVTKUTest.C, line 206
PASS MeshAddElements, ESMC_MeshVTKUTest.C, line 215
PASS MeshGetLocalElementCount, ESMC_MeshVTKUTest.C, line 235
PASS MeshGetOwnedElementCount, ESMC_MeshVTKUTest.C, line 256
PASS MeshGetOwnedNodeCount, ESMC_MeshVTKUTest.C, line 277
PASS MeshAddElements, ESMC_MeshVTKUTest.C, line 215
PASS MeshGetLocalElementCount, ESMC_MeshVTKUTest.C, line 235
PASS MeshGetOwnedElementCount, ESMC_MeshVTKUTest.C, line 256
PASS MeshGetOwnedNodeCount, ESMC_MeshVTKUTest.C, line 277
PASS MeshAddElements, ESMC_MeshVTKUTest.C, line 215
PASS MeshGetLocalElementCount, ESMC_MeshVTKUTest.C, line 235
PASS MeshGetOwnedElementCount, ESMC_MeshVTKUTest.C, line 256
PASS MeshGetOwnedNodeCount, ESMC_MeshVTKUTest.C, line 277
PASS MeshAddElements, ESMC_MeshVTKUTest.C, line 215
PASS MeshGetLocalElementCount, ESMC_MeshVTKUTest.C, line 235
PASS MeshGetOwnedElementCount, ESMC_MeshVTKUTest.C, line 256
PASS MeshGetOwnedNodeCount, ESMC_MeshVTKUTest.C, line 277
PASS MeshAddElements, ESMC_MeshVTKUTest.C, line 215
PASS MeshGetLocalElementCount, ESMC_MeshVTKUTest.C, line 235
PASS MeshGetOwnedElementCount, ESMC_MeshVTKUTest.C, line 256
PASS MeshGetOwnedNodeCount, ESMC_MeshVTKUTest.C, line 277
PASS MeshAddElements, ESMC_MeshVTKUTest.C, line 215
PASS MeshGetLocalElementCount, ESMC_MeshVTKUTest.C, line 235
PASS MeshGetOwnedElementCount, ESMC_MeshVTKUTest.C, line 256
PASS MeshGetOwnedNodeCount, ESMC_MeshVTKUTest.C, line 277
PASS MeshWrite, ESMC_MeshVTKUTest.C, line 297
PASS MeshWrite, ESMC_MeshVTKUTest.C, line 297
PASS MeshWrite, ESMC_MeshVTKUTest.C, line 297
PASS MeshWrite, ESMC_MeshVTKUTest.C, line 297
PASS MeshFreeMemory, ESMC_MeshVTKUTest.C, line 307
PASS MeshDestroy, ESMC_MeshVTKUTest.C, line 316
Ending Test, file ESMC_MeshVTKUTest.C, line 329
PASS MeshFreeMemory, ESMC_MeshVTKUTest.C, line 307
PASS MeshDestroy, ESMC_MeshVTKUTest.C, line 316
Ending Test, file ESMC_MeshVTKUTest.C, line 329
PASS MeshFreeMemory, ESMC_MeshVTKUTest.C, line 307
PASS MeshDestroy, ESMC_MeshVTKUTest.C, line 316
Ending Test, file ESMC_MeshVTKUTest.C, line 329
PASS MeshFreeMemory, ESMC_MeshVTKUTest.C, line 307
PASS MeshDestroy, ESMC_MeshVTKUTest.C, line 316
Ending Test, file ESMC_MeshVTKUTest.C, line 329
PASS MeshWrite, ESMC_MeshVTKUTest.C, line 297
PASS MeshWrite, ESMC_MeshVTKUTest.C, line 297
PASS MeshFreeMemory, ESMC_MeshVTKUTest.C, line 307
PASS MeshFreeMemory, ESMC_MeshVTKUTest.C, line 307
PASS MeshDestroy, ESMC_MeshVTKUTest.C, line 316
Ending Test, file ESMC_MeshVTKUTest.C, line 329
PASS MeshDestroy, ESMC_MeshVTKUTest.C, line 316
Ending Test, file ESMC_MeshVTKUTest.C, line 329
 PET 2 Test Elapsed Time  89.034000 msec.
 PET 1 Test Elapsed Time  89.846000 msec.
 PET 0 Test Elapsed Time  89.677000 msec.
 PET 5 Test Elapsed Time  89.562000 msec.
 PET 4 Test Elapsed Time  90.639000 msec.
 PET 3 Test Elapsed Time  90.093000 msec.
