build time -- 2021-04-22 06:04:47.646981
  Beginning Test, file ESMF_FieldMeshSMMUTest.F90, line 54
  Beginning Test, file ESMF_FieldMeshSMMUTest.F90, line 54
  NUMBER_OF_PROCESSORS           4
  Beginning Test, file ESMF_FieldMeshSMMUTest.F90, line 54
  NUMBER_OF_PROCESSORS           4
  NUMBER_OF_PROCESSORS           4
  Beginning Test, file ESMF_FieldMeshSMMUTest.F90, line 54
  NUMBER_OF_PROCESSORS           4
  PASS  FieldMeshSMM test using localPet for both src and dst, with halos, ESMF_
 FieldMeshSMMUTest.F90, line 68
  PASS  FieldMeshSMM test using localPet for both src and dst, with halos, ESMF_
 FieldMeshSMMUTest.F90, line 68
  PASS  FieldMeshSMM test using localPet for both src and dst, with halos, ESMF_
 FieldMeshSMMUTest.F90, line 68
  PASS  FieldMeshSMM test using localPet for both src and dst, with halos, ESMF_
 FieldMeshSMMUTest.F90, line 68
  Ending Test, file ESMF_FieldMeshSMMUTest.F90, line 71
  Ending Test, file ESMF_FieldMeshSMMUTest.F90, line 71
  Ending Test, file ESMF_FieldMeshSMMUTest.F90, line 71
  Ending Test, file ESMF_FieldMeshSMMUTest.F90, line 71
  PET           1  Test Elapsed Time    9.21300000000000       msec.
  PET           2  Test Elapsed Time    9.22700000000000       msec.
  PET           0  Test Elapsed Time    9.08800000000000       msec.
  PET           3  Test Elapsed Time    9.17400000000000       msec.
  Beginning Test, file ESMF_FieldMeshSMMUTest.F90, line 54
  Beginning Test, file ESMF_FieldMeshSMMUTest.F90, line 54
  NUMBER_OF_PROCESSORS           4
  Beginning Test, file ESMF_FieldMeshSMMUTest.F90, line 54
  NUMBER_OF_PROCESSORS           4
  NUMBER_OF_PROCESSORS           4
  Beginning Test, file ESMF_FieldMeshSMMUTest.F90, line 54
  NUMBER_OF_PROCESSORS           4
  PASS  FieldMeshSMM test using localPet for both src and dst, with halos, ESMF_
 FieldMeshSMMUTest.F90, line 68
  PASS  FieldMeshSMM test using localPet for both src and dst, with halos, ESMF_
 FieldMeshSMMUTest.F90, line 68
  PASS  FieldMeshSMM test using localPet for both src and dst, with halos, ESMF_
 FieldMeshSMMUTest.F90, line 68
  PASS  FieldMeshSMM test using localPet for both src and dst, with halos, ESMF_
 FieldMeshSMMUTest.F90, line 68
  Ending Test, file ESMF_FieldMeshSMMUTest.F90, line 71
  Ending Test, file ESMF_FieldMeshSMMUTest.F90, line 71
  Ending Test, file ESMF_FieldMeshSMMUTest.F90, line 71
  Ending Test, file ESMF_FieldMeshSMMUTest.F90, line 71
  PET           1  Test Elapsed Time    9.21300000000000       msec.
  PET           2  Test Elapsed Time    9.22700000000000       msec.
  PET           0  Test Elapsed Time    9.08800000000000       msec.
  PET           3  Test Elapsed Time    9.17400000000000       msec.
