build time -- 2021-04-24 00:41:30
  Beginning Test, file ESMF_FieldGatherUTest.F90, line 58
  NUMBER_OF_PROCESSORS           4
  Beginning Test, file ESMF_FieldGatherUTest.F90, line 58
  NUMBER_OF_PROCESSORS           4
  Beginning Test, file ESMF_FieldGatherUTest.F90, line 58
  NUMBER_OF_PROCESSORS           4
  Beginning Test, file ESMF_FieldGatherUTest.F90, line 58
  NUMBER_OF_PROCESSORS           4
  PASS  FieldGather 1d test, ESMF_FieldGatherUTest.F90, line 72
  PASS  FieldGather 1d test, ESMF_FieldGatherUTest.F90, line 72
  PASS  FieldGather 1d test, ESMF_FieldGatherUTest.F90, line 72
  PASS  FieldGather 1d test, ESMF_FieldGatherUTest.F90, line 72
  PASS  FieldGather 2d test, ESMF_FieldGatherUTest.F90, line 80
  PASS  FieldGather 2d test, ESMF_FieldGatherUTest.F90, line 80
  PASS  FieldGather 2d test, ESMF_FieldGatherUTest.F90, line 80
  PASS  FieldGather 2d test, ESMF_FieldGatherUTest.F90, line 80
  PASS  FieldGather 3d test, ESMF_FieldGatherUTest.F90, line 88
  PASS  FieldGather 3d test, ESMF_FieldGatherUTest.F90, line 88
  PASS  FieldGather 3d test, ESMF_FieldGatherUTest.F90, line 88
  PASS  FieldGather 3d test, ESMF_FieldGatherUTest.F90, line 88
  PASS  FieldScatter 2d test, ESMF_FieldGatherUTest.F90, line 96
  PASS  FieldScatter 2d test, ESMF_FieldGatherUTest.F90, line 96
  Ending Test, file ESMF_FieldGatherUTest.F90, line 99
  PASS  FieldScatter 2d test, ESMF_FieldGatherUTest.F90, line 96
  Ending Test, file ESMF_FieldGatherUTest.F90, line 99
  PASS  FieldScatter 2d test, ESMF_FieldGatherUTest.F90, line 96
  Ending Test, file ESMF_FieldGatherUTest.F90, line 99
  Ending Test, file ESMF_FieldGatherUTest.F90, line 99
  PET           2  Test Elapsed Time    2064.90600000000       msec.
  PET           1  Test Elapsed Time    2065.13500000000       msec.
  PET           3  Test Elapsed Time    2065.58200000000       msec.
  PET           0  Test Elapsed Time    8.29100000000001       msec.
