  Beginning Test, file ESMF_VMOpenMPUTest.F90, line 57
  NUMBER_OF_PROCESSORS           4
 tid =            0
  PASS  Check that OpenMP functions correctly if it is available, ESMF_VMOpenMPUTest.F90, line 84
 ESMF was compiled with OpenMP
  PASS  Determine whether ESMF library was compiled with OpenMP, ESMF_VMOpenMPUTest.F90, line 97
  Ending Test, file ESMF_VMOpenMPUTest.F90, line 101
  PET           1  Test Elapsed Time   0.50899999999999901       msec.
  Beginning Test, file ESMF_VMOpenMPUTest.F90, line 57
  NUMBER_OF_PROCESSORS           4
 tid =            0
  PASS  Check that OpenMP functions correctly if it is available, ESMF_VMOpenMPUTest.F90, line 84
 ESMF was compiled with OpenMP
  PASS  Determine whether ESMF library was compiled with OpenMP, ESMF_VMOpenMPUTest.F90, line 97
  Ending Test, file ESMF_VMOpenMPUTest.F90, line 101
  PET           0  Test Elapsed Time   0.50599999999999956       msec.
  Beginning Test, file ESMF_VMOpenMPUTest.F90, line 57
  NUMBER_OF_PROCESSORS           4
 tid =            0
  PASS  Check that OpenMP functions correctly if it is available, ESMF_VMOpenMPUTest.F90, line 84
 ESMF was compiled with OpenMP
  PASS  Determine whether ESMF library was compiled with OpenMP, ESMF_VMOpenMPUTest.F90, line 97
  Ending Test, file ESMF_VMOpenMPUTest.F90, line 101
  PET           2  Test Elapsed Time   0.51000000000000001       msec.
  Beginning Test, file ESMF_VMOpenMPUTest.F90, line 57
  NUMBER_OF_PROCESSORS           4
 tid =            0
  PASS  Check that OpenMP functions correctly if it is available, ESMF_VMOpenMPUTest.F90, line 84
 ESMF was compiled with OpenMP
  PASS  Determine whether ESMF library was compiled with OpenMP, ESMF_VMOpenMPUTest.F90, line 97
  Ending Test, file ESMF_VMOpenMPUTest.F90, line 101
  PET           3  Test Elapsed Time   0.50999999999999834       msec.
