Beginning Test, file ESMC_LogErrUTest.C, line 43
Beginning Test, file ESMC_LogErrUTest.C, line 43
NUMBER_OF_PROCESSORS 4
PASS Set Log to flush after every message, ESMC_LogErrUTest.C, line 54
Beginning Test, file ESMC_LogErrUTest.C, line 43
NUMBER_OF_PROCESSORS 4
PASS Set Log to flush after every message, ESMC_LogErrUTest.C, line 54
PASS Set Log to flush after every tenth message, ESMC_LogErrUTest.C, line 63
Beginning Test, file ESMC_LogErrUTest.C, line 43
NUMBER_OF_PROCESSORS 4
PASS Set Log to flush after every message, ESMC_LogErrUTest.C, line 54
PASS Set Log to flush after every tenth message, ESMC_LogErrUTest.C, line 63
NUMBER_OF_PROCESSORS 4
PASS Set Log to flush after every message, ESMC_LogErrUTest.C, line 54
PASS Set Log to flush after every tenth message, ESMC_LogErrUTest.C, line 63
PASS Write a Log Message, ESMC_LogErrUTest.C, line 71
PASS Write a Log Message, ESMC_LogErrUTest.C, line 71
Ending Test, file ESMC_LogErrUTest.C, line 75
PASS Write a Log Message, ESMC_LogErrUTest.C, line 71
Ending Test, file ESMC_LogErrUTest.C, line 75
PASS Set Log to flush after every tenth message, ESMC_LogErrUTest.C, line 63
Ending Test, file ESMC_LogErrUTest.C, line 75
PASS Write a Log Message, ESMC_LogErrUTest.C, line 71
Ending Test, file ESMC_LogErrUTest.C, line 75
 PET 2 Test Elapsed Time  1.023000 msec.
 PET 1 Test Elapsed Time  1.136000 msec.
 PET 0 Test Elapsed Time  1.159000 msec.
 PET 3 Test Elapsed Time  1.364000 msec.
