build time -- 2021-04-23 06:20:28
Beginning Test, file ESMC_FieldSMMFromFileUTest.C, line 41
NUMBER_OF_PROCESSORS 4
Beginning Test, file ESMC_FieldSMMFromFileUTest.C, line 41
NUMBER_OF_PROCESSORS 4
Beginning Test, file ESMC_FieldSMMFromFileUTest.C, line 41
NUMBER_OF_PROCESSORS 4
Beginning Test, file ESMC_FieldSMMFromFileUTest.C, line 41
NUMBER_OF_PROCESSORS 4
PASS ESMC_FieldRegridStoreFile test, ESMC_FieldSMMFromFileUTest.C, line 199
PASS ESMC_FieldRegridStoreFile test, ESMC_FieldSMMFromFileUTest.C, line 199
PASS ESMC_FieldRegridStoreFile test, ESMC_FieldSMMFromFileUTest.C, line 199
PASS ESMC_FieldRegridStoreFile test, ESMC_FieldSMMFromFileUTest.C, line 199
PASS ESMC_FieldSMMStore from File test, ESMC_FieldSMMFromFileUTest.C, line 229
PASS ESMC_FieldSMMStore from File test, ESMC_FieldSMMFromFileUTest.C, line 229
PASS ESMC_FieldSMMStore from File test, ESMC_FieldSMMFromFileUTest.C, line 229
PASS ESMC_FieldSMMStore From File validation, ESMC_FieldSMMFromFileUTest.C, line 257
PASS ESMC_FieldSMMStore from File test, ESMC_FieldSMMFromFileUTest.C, line 229
PASS ESMC_FieldSMMStore From File validation, ESMC_FieldSMMFromFileUTest.C, line 257
PASS ESMC_FieldSMMStore From File validation, ESMC_FieldSMMFromFileUTest.C, line 257
PASS ESMC_FieldSMMStore From File validation, ESMC_FieldSMMFromFileUTest.C, line 257
PASS ESMC_FieldRegridRelease, ESMC_FieldSMMFromFileUTest.C, line 271
PASS ESMC_FieldRegridRelease, ESMC_FieldSMMFromFileUTest.C, line 271
PASS ESMC_FieldRegridRelease, ESMC_FieldSMMFromFileUTest.C, line 271
PASS ESMC_FieldRegridRelease, ESMC_FieldSMMFromFileUTest.C, line 271
Ending Test, file ESMC_FieldSMMFromFileUTest.C, line 289
Ending Test, file ESMC_FieldSMMFromFileUTest.C, line 289
Ending Test, file ESMC_FieldSMMFromFileUTest.C, line 289
Ending Test, file ESMC_FieldSMMFromFileUTest.C, line 289
 PET 1 Test Elapsed Time  28.330000 msec.
 PET 3 Test Elapsed Time  28.515000 msec.
 PET 2 Test Elapsed Time  28.146000 msec.
 PET 0 Test Elapsed Time  29.184000 msec.
