build time -- 2021-04-27 18:28:15.373750
Beginning Test, file ESMC_ArraySpecUTest.C, line 49
Beginning Test, file ESMC_ArraySpecUTest.C, line 49
NUMBER_OF_PROCESSORS 4
Beginning Test, file ESMC_ArraySpecUTest.C, line 49
NUMBER_OF_PROCESSORS 4
Beginning Test, file ESMC_ArraySpecUTest.C, line 49
NUMBER_OF_PROCESSORS 4
NUMBER_OF_PROCESSORS 4
PASS ArraySpecSet Unit test, ESMC_ArraySpecUTest.C, line 59
PASS ArraySpecSet Unit test, ESMC_ArraySpecUTest.C, line 59
PASS ArraySpecSet Unit test, ESMC_ArraySpecUTest.C, line 59
PASS ArraySpecSet Unit test, ESMC_ArraySpecUTest.C, line 59
PASS ArraySpecGet Unit test, ESMC_ArraySpecUTest.C, line 68
PASS ArraySpecGet Unit test, ESMC_ArraySpecUTest.C, line 68
PASS ArraySpecGet: rank Unit test, ESMC_ArraySpecUTest.C, line 76
PASS ArraySpecGet: typekind Unit test, ESMC_ArraySpecUTest.C, line 84
Ending Test, file ESMC_ArraySpecUTest.C, line 88
PASS ArraySpecGet Unit test, ESMC_ArraySpecUTest.C, line 68
PASS ArraySpecGet: rank Unit test, ESMC_ArraySpecUTest.C, line 76
PASS ArraySpecGet: typekind Unit test, ESMC_ArraySpecUTest.C, line 84
Ending Test, file ESMC_ArraySpecUTest.C, line 88
PASS ArraySpecGet Unit test, ESMC_ArraySpecUTest.C, line 68
PASS ArraySpecGet: rank Unit test, ESMC_ArraySpecUTest.C, line 76
PASS ArraySpecGet: typekind Unit test, ESMC_ArraySpecUTest.C, line 84
Ending Test, file ESMC_ArraySpecUTest.C, line 88
PASS ArraySpecGet: rank Unit test, ESMC_ArraySpecUTest.C, line 76
PASS ArraySpecGet: typekind Unit test, ESMC_ArraySpecUTest.C, line 84
Ending Test, file ESMC_ArraySpecUTest.C, line 88
 PET 0 Test Elapsed Time  1.281000 msec.
 PET 1 Test Elapsed Time  1.253000 msec.
 PET 2 Test Elapsed Time  1.323000 msec.
 PET 3 Test Elapsed Time  1.333000 msec.
