  Beginning Test, file ESMF_TestUTest.F90, line 52
  NUMBER_OF_PROCESSORS           4
  PASS  Use of ESMF_Test(), true, ESMF_TestUTest.F90, line 60
  PASS  Compare identical files, ESMF_TestUTest.F90, line 108
  PASS  Compare non-identical files, ESMF_TestUTest.F90, line 115
  PASS  Compare non-identical files with exception list (non-match), ESMF_TestUTest.F90, line 123
  PASS  Compare non-identical files with exception list (matching), ESMF_TestUTest.F90, line 131
  Ending Test, file ESMF_TestUTest.F90, line 141
  Beginning Test, file ESMF_TestUTest.F90, line 52
  NUMBER_OF_PROCESSORS           4
  PASS  Use of ESMF_Test(), true, ESMF_TestUTest.F90, line 60
  PASS  Compare identical files, ESMF_TestUTest.F90, line 108
  PASS  Compare non-identical files, ESMF_TestUTest.F90, line 115
  PASS  Compare non-identical files with exception list (non-match), ESMF_TestUTest.F90, line 123
  PASS  Compare non-identical files with exception list (matching), ESMF_TestUTest.F90, line 131
  Ending Test, file ESMF_TestUTest.F90, line 141
  Beginning Test, file ESMF_TestUTest.F90, line 52
  NUMBER_OF_PROCESSORS           4
  PASS  Use of ESMF_Test(), true, ESMF_TestUTest.F90, line 60
  PASS  Compare identical files, ESMF_TestUTest.F90, line 108
  PASS  Compare non-identical files, ESMF_TestUTest.F90, line 115
  PASS  Compare non-identical files with exception list (non-match), ESMF_TestUTest.F90, line 123
  PASS  Compare non-identical files with exception list (matching), ESMF_TestUTest.F90, line 131
  Ending Test, file ESMF_TestUTest.F90, line 141
  Beginning Test, file ESMF_TestUTest.F90, line 52
  NUMBER_OF_PROCESSORS           4
  PASS  Use of ESMF_Test(), true, ESMF_TestUTest.F90, line 60
  PASS  Compare identical files, ESMF_TestUTest.F90, line 108
  PASS  Compare non-identical files, ESMF_TestUTest.F90, line 115
  PASS  Compare non-identical files with exception list (non-match), ESMF_TestUTest.F90, line 123
  PASS  Compare non-identical files with exception list (matching), ESMF_TestUTest.F90, line 131
  Ending Test, file ESMF_TestUTest.F90, line 141
  PET           0  Test Elapsed Time    1.5300000000000000       msec.
  PET           2  Test Elapsed Time    1.4640000000000000       msec.
  PET           3  Test Elapsed Time    1.3159999999999994       msec.
  PET           1  Test Elapsed Time    1.4739999999999995       msec.
