build time -- 2021-04-27 02:34:03
MPI startup(): Warning: I_MPI_PMI_LIBRARY will be ignored since the hydra process manager was found
MPI startup(): Warning: I_MPI_PMI_LIBRARY will be ignored since the hydra process manager was found
MPI startup(): Warning: I_MPI_PMI_LIBRARY will be ignored since the hydra process manager was found
MPI startup(): Warning: I_MPI_PMI_LIBRARY will be ignored since the hydra process manager was found
Beginning Test, file ESMC_RouteHandleUTest.C, line 41
NUMBER_OF_PROCESSORS 4
Beginning Test, file ESMC_RouteHandleUTest.C, line 41
NUMBER_OF_PROCESSORS 4
Beginning Test, file ESMC_RouteHandleUTest.C, line 41
NUMBER_OF_PROCESSORS 4
Beginning Test, file ESMC_RouteHandleUTest.C, line 41
NUMBER_OF_PROCESSORS 4
PASS ESMC_RouteHandleWrite test, ESMC_RouteHandleUTest.C, line 269
PASS ESMC_RouteHandleWrite test, ESMC_RouteHandleUTest.C, line 269
PASS ESMC_RouteHandleWrite test, ESMC_RouteHandleUTest.C, line 269
PASS ESMC_RouteHandleWrite test, ESMC_RouteHandleUTest.C, line 269
PASS ESMC_RouteHandleCreateFromFile test, ESMC_RouteHandleUTest.C, line 277
PASS ESMC_FieldRegrid validation of RouteHandleWrite, ESMC_RouteHandleUTest.C, line 299
PASS ESMC_FieldRegrid validation of RouteHandleCreateFromFile, ESMC_RouteHandleUTest.C, line 321
Ending Test, file ESMC_RouteHandleUTest.C, line 345
PASS ESMC_RouteHandleCreateFromFile test, ESMC_RouteHandleUTest.C, line 277
PASS ESMC_FieldRegrid validation of RouteHandleWrite, ESMC_RouteHandleUTest.C, line 299
PASS ESMC_RouteHandleCreateFromFile test, ESMC_RouteHandleUTest.C, line 277
PASS ESMC_FieldRegrid validation of RouteHandleCreateFromFile, ESMC_RouteHandleUTest.C, line 321
Ending Test, file ESMC_RouteHandleUTest.C, line 345
PASS ESMC_FieldRegrid validation of RouteHandleWrite, ESMC_RouteHandleUTest.C, line 299
PASS ESMC_RouteHandleCreateFromFile test, ESMC_RouteHandleUTest.C, line 277
PASS ESMC_FieldRegrid validation of RouteHandleWrite, ESMC_RouteHandleUTest.C, line 299
PASS ESMC_FieldRegrid validation of RouteHandleCreateFromFile, ESMC_RouteHandleUTest.C, line 321
Ending Test, file ESMC_RouteHandleUTest.C, line 345
PASS ESMC_FieldRegrid validation of RouteHandleCreateFromFile, ESMC_RouteHandleUTest.C, line 321
Ending Test, file ESMC_RouteHandleUTest.C, line 345
 PET 1 Test Elapsed Time  468.822000 msec.
 PET 2 Test Elapsed Time  459.248000 msec.
 PET 0 Test Elapsed Time  -513.486000 msec.
 PET 3 Test Elapsed Time  453.734000 msec.
