  Beginning Test, file ESMF_VMAccUTest.F90, line 52
  NUMBER_OF_PROCESSORS           4
  Beginning Test, file ESMF_VMAccUTest.F90, line 52
  NUMBER_OF_PROCESSORS           4
  Beginning Test, file ESMF_VMAccUTest.F90, line 52
  NUMBER_OF_PROCESSORS           4
  Beginning Test, file ESMF_VMAccUTest.F90, line 52
  NUMBER_OF_PROCESSORS           4
  PASS  Test getting the number of accelerator devices, ESMF_VMAccUTest.F90, line 72
  Ending Test, file ESMF_VMAccUTest.F90, line 76
  PASS  Test getting the number of accelerator devices, ESMF_VMAccUTest.F90, line 72
  PASS  Test getting the number of accelerator devices, ESMF_VMAccUTest.F90, line 72
  Ending Test, file ESMF_VMAccUTest.F90, line 76
  Ending Test, file ESMF_VMAccUTest.F90, line 76
  PASS  Test getting the number of accelerator devices, ESMF_VMAccUTest.F90, line 72
  Ending Test, file ESMF_VMAccUTest.F90, line 76
  PET           1  Test Elapsed Time   0.74700000000000111       msec.
  PET           2  Test Elapsed Time   0.70399999999999974       msec.
  PET           3  Test Elapsed Time   0.71399999999999930       msec.
  PET           0  Test Elapsed Time   0.89099999999999946       msec.
