[cgdm-catania:41049] *** Process received signal ***
[cgdm-catania:41049] Signal: Segmentation fault: 11 (11)
[cgdm-catania:41049] Signal code: Address not mapped (1)
[cgdm-catania:41049] Failing at address: 0x44000100
[cgdm-catania:41049] [ 0] 0   libsystem_platform.dylib            0x00007fff6a61fb5d _sigtramp + 29
[cgdm-catania:41049] [ 1] 0   ???                                 0x0000ffff00009fc0 0x0 + 281470681784256
[cgdm-catania:41049] [ 2] 0   libesmf.dylib                       0x0000000108de7aa3 _ZN5ESMCI3VMK4initEi + 131
[cgdm-catania:41049] *** End of error message ***

===================================================================================
=   BAD TERMINATION OF ONE OF YOUR APPLICATION PROCESSES
=   PID 41049 RUNNING AT cgdm-catania
=   EXIT CODE: 11
=   CLEANING UP REMAINING PROCESSES
=   YOU CAN IGNORE THE BELOW CLEANUP MESSAGES
===================================================================================
YOUR APPLICATION TERMINATED WITH THE EXIT STRING: Segmentation fault: 11 (signal 11)
This typically refers to a problem with your application.
Please see the FAQ page for debugging suggestions
