forrtl: severe (174): SIGSEGV, segmentation fault occurred
Image              PC                Routine            Line        Source             
ESMF_IOUTest       000000010A3F9904  for__signal_handl     Unknown  Unknown
libsystem_platfor  00007FFF6A61FB5D  _sigtramp             Unknown  Unknown
libmpi.40.dylib    000000010CC382A1  MPI_Comm_rank         Unknown  Unknown
libesmf.dylib      000000010AF9A523  _ZN5ESMCI3VMK4ini     Unknown  Unknown
libesmf.dylib      000000010AF788A1  _ZN5ESMCI2VM10ini     Unknown  Unknown
libesmf.dylib      000000010AFA3D23  c_esmc_vminitiali     Unknown  Unknown
libesmf.dylib      000000010B7831B0  esmf_vmmod_mp_esm     Unknown  Unknown
libesmf.dylib      000000010B61902B  esmf_initmod_mp_e     Unknown  Unknown
libesmf.dylib      000000010B746C50  esmf_testmod_mp_e     Unknown  Unknown
ESMF_IOUTest       000000010A3D30C8  MAIN__                Unknown  Unknown
ESMF_IOUTest       000000010A3D301E  main                  Unknown  Unknown
forrtl: severe (174): SIGSEGV, segmentation fault occurred
Image              PC                Routine            Line        Source             
ESMF_IOUTest       000000010E919904  for__signal_handl     Unknown  Unknown
libsystem_platfor  00007FFF6A61FB5D  _sigtramp             Unknown  Unknown
libmpi.40.dylib    00000001111632A1  MPI_Comm_rank         Unknown  Unknown
libesmf.dylib      000000010F4BF523  _ZN5ESMCI3VMK4ini     Unknown  Unknown
libesmf.dylib      000000010F49D8A1  _ZN5ESMCI2VM10ini     Unknown  Unknown
libesmf.dylib      000000010F4C8D23  c_esmc_vminitiali     Unknown  Unknown
libesmf.dylib      000000010FCA81B0  esmf_vmmod_mp_esm     Unknown  Unknown
libesmf.dylib      000000010FB3E02B  esmf_initmod_mp_e     Unknown  Unknown
libesmf.dylib      000000010FC6BC50  esmf_testmod_mp_e     Unknown  Unknown
ESMF_IOUTest       000000010E8F30C8  MAIN__                Unknown  Unknown
ESMF_IOUTest       000000010E8F301E  main                  Unknown  Unknown
forrtl: severe (174): SIGSEGV, segmentation fault occurred
Image              PC                Routine            Line        Source             
ESMF_IOUTest       000000010B99C904  for__signal_handl     Unknown  Unknown
libsystem_platfor  00007FFF6A61FB5D  _sigtramp             Unknown  Unknown
libmpi.40.dylib    000000010E1DE2A1  MPI_Comm_rank         Unknown  Unknown
libesmf.dylib      000000010C543523  _ZN5ESMCI3VMK4ini     Unknown  Unknown
libesmf.dylib      000000010C5218A1  _ZN5ESMCI2VM10ini     Unknown  Unknown
libesmf.dylib      000000010C54CD23  c_esmc_vminitiali     Unknown  Unknown
libesmf.dylib      000000010CD2C1B0  esmf_vmmod_mp_esm     Unknown  Unknown
libesmf.dylib      000000010CBC202B  esmf_initmod_mp_e     Unknown  Unknown
libesmf.dylib      000000010CCEFC50  esmf_testmod_mp_e     Unknown  Unknown
ESMF_IOUTest       000000010B9760C8  MAIN__                Unknown  Unknown
ESMF_IOUTest       000000010B97601E  main                  Unknown  Unknown
forrtl: severe (174): SIGSEGV, segmentation fault occurred
Image              PC                Routine            Line        Source             
ESMF_IOUTest       00000001073E5904  for__signal_handl     Unknown  Unknown
libsystem_platfor  00007FFF6A61FB5D  _sigtramp             Unknown  Unknown
libmpi.40.dylib    0000000109C202A1  MPI_Comm_rank         Unknown  Unknown
libesmf.dylib      0000000107F89523  _ZN5ESMCI3VMK4ini     Unknown  Unknown
libesmf.dylib      0000000107F678A1  _ZN5ESMCI2VM10ini     Unknown  Unknown
libesmf.dylib      0000000107F92D23  c_esmc_vminitiali     Unknown  Unknown
libesmf.dylib      00000001087721B0  esmf_vmmod_mp_esm     Unknown  Unknown
libesmf.dylib      000000010860802B  esmf_initmod_mp_e     Unknown  Unknown
libesmf.dylib      0000000108735C50  esmf_testmod_mp_e     Unknown  Unknown
ESMF_IOUTest       00000001073BF0C8  MAIN__                Unknown  Unknown
ESMF_IOUTest       00000001073BF01E  main                  Unknown  Unknown
